Component: ARM Compiler 5.06 update 6 (build 750) Tool: armlink [4d35ed]

==============================================================================

Section Cross References

    main.o(i.main) refers to stm32f1xx_hal.o(i.HAL_Init) for HAL_Init
    main.o(i.main) refers to system.o(i.SystemClock_Init) for SystemClock_Init
    main.o(i.main) refers to systick.o(i.SysTick_Init) for SysTick_Init
    main.o(i.main) refers to led.o(i.LED_Init) for LED_Init
    main.o(i.main) refers to time.o(i.TIM3_CH2_PWM_Init) for TIM3_CH2_PWM_Init
    main.o(i.main) refers to time.o(i.TIM3_SetCompare2) for TIM3_SetCompare2
    main.o(i.main) refers to stm32f1xx_hal.o(i.HAL_Delay) for HAL_Delay
    stm32f1xx_it.o(i.SysTick_Handler) refers to stm32f1xx_hal.o(i.HAL_IncTick) for HAL_IncTick
    system_stm32f1xx.o(i.SystemCoreClockUpdate) refers to system_stm32f1xx.o(.data) for SystemCoreClock
    system_stm32f1xx.o(i.SystemCoreClockUpdate) refers to system_stm32f1xx.o(.constdata) for AHBPrescTable
    startup_stm32f103xe.o(RESET) refers to startup_stm32f103xe.o(STACK) for __initial_sp
    startup_stm32f103xe.o(RESET) refers to startup_stm32f103xe.o(.text) for Reset_Handler
    startup_stm32f103xe.o(RESET) refers to stm32f1xx_it.o(i.NMI_Handler) for NMI_Handler
    startup_stm32f103xe.o(RESET) refers to stm32f1xx_it.o(i.HardFault_Handler) for HardFault_Handler
    startup_stm32f103xe.o(RESET) refers to stm32f1xx_it.o(i.MemManage_Handler) for MemManage_Handler
    startup_stm32f103xe.o(RESET) refers to stm32f1xx_it.o(i.BusFault_Handler) for BusFault_Handler
    startup_stm32f103xe.o(RESET) refers to stm32f1xx_it.o(i.UsageFault_Handler) for UsageFault_Handler
    startup_stm32f103xe.o(RESET) refers to stm32f1xx_it.o(i.SVC_Handler) for SVC_Handler
    startup_stm32f103xe.o(RESET) refers to stm32f1xx_it.o(i.DebugMon_Handler) for DebugMon_Handler
    startup_stm32f103xe.o(RESET) refers to stm32f1xx_it.o(i.PendSV_Handler) for PendSV_Handler
    startup_stm32f103xe.o(RESET) refers to stm32f1xx_it.o(i.SysTick_Handler) for SysTick_Handler
    startup_stm32f103xe.o(RESET) refers to exti.o(i.EXTI0_IRQHandler) for EXTI0_IRQHandler
    startup_stm32f103xe.o(RESET) refers to exti.o(i.EXTI2_IRQHandler) for EXTI2_IRQHandler
    startup_stm32f103xe.o(RESET) refers to exti.o(i.EXTI3_IRQHandler) for EXTI3_IRQHandler
    startup_stm32f103xe.o(RESET) refers to exti.o(i.EXTI4_IRQHandler) for EXTI4_IRQHandler
    startup_stm32f103xe.o(RESET) refers to time.o(i.TIM2_IRQHandler) for TIM2_IRQHandler
    startup_stm32f103xe.o(RESET) refers to time.o(i.TIM4_IRQHandler) for TIM4_IRQHandler
    startup_stm32f103xe.o(RESET) refers to usart.o(i.USART1_IRQHandler) for USART1_IRQHandler
    startup_stm32f103xe.o(RESET) refers to time.o(i.TIM5_IRQHandler) for TIM5_IRQHandler
    startup_stm32f103xe.o(RESET) refers to time.o(i.TIM6_IRQHandler) for TIM6_IRQHandler
    startup_stm32f103xe.o(RESET) refers to time.o(i.TIM7_IRQHandler) for TIM7_IRQHandler
    startup_stm32f103xe.o(.text) refers to system_stm32f1xx.o(i.SystemInit) for SystemInit
    startup_stm32f103xe.o(.text) refers to entry.o(.ARM.Collect$$$$00000000) for __main
    stm32f1xx_hal.o(i.HAL_DeInit) refers to stm32f1xx_hal.o(i.HAL_MspDeInit) for HAL_MspDeInit
    stm32f1xx_hal.o(i.HAL_Delay) refers to stm32f1xx_hal.o(i.HAL_GetTick) for HAL_GetTick
    stm32f1xx_hal.o(i.HAL_Delay) refers to stm32f1xx_hal.o(.data) for uwTickFreq
    stm32f1xx_hal.o(i.HAL_GetTick) refers to stm32f1xx_hal.o(.data) for uwTick
    stm32f1xx_hal.o(i.HAL_GetTickFreq) refers to stm32f1xx_hal.o(.data) for uwTickFreq
    stm32f1xx_hal.o(i.HAL_GetTickPrio) refers to stm32f1xx_hal.o(.data) for uwTickPrio
    stm32f1xx_hal.o(i.HAL_IncTick) refers to stm32f1xx_hal.o(.data) for uwTick
    stm32f1xx_hal.o(i.HAL_Init) refers to stm32f1xx_hal_cortex.o(i.HAL_NVIC_SetPriorityGrouping) for HAL_NVIC_SetPriorityGrouping
    stm32f1xx_hal.o(i.HAL_Init) refers to stm32f1xx_hal.o(i.HAL_InitTick) for HAL_InitTick
    stm32f1xx_hal.o(i.HAL_Init) refers to stm32f1xx_hal.o(i.HAL_MspInit) for HAL_MspInit
    stm32f1xx_hal.o(i.HAL_InitTick) refers to stm32f1xx_hal_cortex.o(i.HAL_SYSTICK_Config) for HAL_SYSTICK_Config
    stm32f1xx_hal.o(i.HAL_InitTick) refers to stm32f1xx_hal_cortex.o(i.HAL_NVIC_SetPriority) for HAL_NVIC_SetPriority
    stm32f1xx_hal.o(i.HAL_InitTick) refers to stm32f1xx_hal.o(.data) for uwTickFreq
    stm32f1xx_hal.o(i.HAL_InitTick) refers to system_stm32f1xx.o(.data) for SystemCoreClock
    stm32f1xx_hal.o(i.HAL_SetTickFreq) refers to stm32f1xx_hal.o(i.HAL_InitTick) for HAL_InitTick
    stm32f1xx_hal.o(i.HAL_SetTickFreq) refers to stm32f1xx_hal.o(.data) for uwTickFreq
    stm32f1xx_hal_cortex.o(i.HAL_NVIC_GetPriorityGrouping) refers to stm32f1xx_hal_cortex.o(i.__NVIC_GetPriorityGrouping) for __NVIC_GetPriorityGrouping
    stm32f1xx_hal_cortex.o(i.HAL_NVIC_SetPriority) refers to stm32f1xx_hal_cortex.o(i.__NVIC_GetPriorityGrouping) for __NVIC_GetPriorityGrouping
[...]
    stm32f1xx_hal_uart.o(i.HAL_UART_AbortTransmit_IT) refers to stm32f1xx_hal_uart.o(i.UART_DMATxOnlyAbortCallback) for UART_DMATxOnlyAbortCallback
    stm32f1xx_hal_uart.o(i.HAL_UART_Abort_IT) refers to stm32f1xx_hal_dma.o(i.HAL_DMA_Abort_IT) for HAL_DMA_Abort_IT
    stm32f1xx_hal_uart.o(i.HAL_UART_Abort_IT) refers to stm32f1xx_hal_uart.o(i.HAL_UART_AbortCpltCallback) for HAL_UART_AbortCpltCallback
    stm32f1xx_hal_uart.o(i.HAL_UART_Abort_IT) refers to stm32f1xx_hal_uart.o(i.UART_DMATxAbortCallback) for UART_DMATxAbortCallback
    stm32f1xx_hal_uart.o(i.HAL_UART_Abort_IT) refers to stm32f1xx_hal_uart.o(i.UART_DMARxAbortCallback) for UART_DMARxAbortCallback
    stm32f1xx_hal_uart.o(i.HAL_UART_DMAStop) refers to stm32f1xx_hal_dma.o(i.HAL_DMA_Abort) for HAL_DMA_Abort
    stm32f1xx_hal_uart.o(i.HAL_UART_DMAStop) refers to stm32f1xx_hal_uart.o(i.UART_EndTxTransfer) for UART_EndTxTransfer
    stm32f1xx_hal_uart.o(i.HAL_UART_DMAStop) refers to stm32f1xx_hal_uart.o(i.UART_EndRxTransfer) for UART_EndRxTransfer
    stm32f1xx_hal_uart.o(i.HAL_UART_DeInit) refers to stm32f1xx_hal_uart.o(i.HAL_UART_MspDeInit) for HAL_UART_MspDeInit
    stm32f1xx_hal_uart.o(i.HAL_UART_IRQHandler) refers to stm32f1xx_hal_uart.o(i.UART_Receive_IT) for UART_Receive_IT
    stm32f1xx_hal_uart.o(i.HAL_UART_IRQHandler) refers to stm32f1xx_hal_uart.o(i.UART_EndRxTransfer) for UART_EndRxTransfer
    stm32f1xx_hal_uart.o(i.HAL_UART_IRQHandler) refers to stm32f1xx_hal_dma.o(i.HAL_DMA_Abort_IT) for HAL_DMA_Abort_IT
    stm32f1xx_hal_uart.o(i.HAL_UART_IRQHandler) refers to stm32f1xx_hal_uart.o(i.HAL_UART_ErrorCallback) for HAL_UART_ErrorCallback
    stm32f1xx_hal_uart.o(i.HAL_UART_IRQHandler) refers to stm32f1xx_hal_uart.o(i.UART_Transmit_IT) for UART_Transmit_IT
    stm32f1xx_hal_uart.o(i.HAL_UART_IRQHandler) refers to stm32f1xx_hal_uart.o(i.UART_EndTransmit_IT) for UART_EndTransmit_IT
    stm32f1xx_hal_uart.o(i.HAL_UART_IRQHandler) refers to stm32f1xx_hal_uart.o(i.UART_DMAAbortOnError) for UART_DMAAbortOnError
    stm32f1xx_hal_uart.o(i.HAL_UART_Init) refers to usart.o(i.HAL_UART_MspInit) for HAL_UART_MspInit
    stm32f1xx_hal_uart.o(i.HAL_UART_Init) refers to stm32f1xx_hal_uart.o(i.UART_SetConfig) for UART_SetConfig
    stm32f1xx_hal_uart.o(i.HAL_UART_Receive) refers to stm32f1xx_hal.o(i.HAL_GetTick) for HAL_GetTick
    stm32f1xx_hal_uart.o(i.HAL_UART_Receive) refers to stm32f1xx_hal_uart.o(i.UART_WaitOnFlagUntilTimeout) for UART_WaitOnFlagUntilTimeout
    stm32f1xx_hal_uart.o(i.HAL_UART_Receive_DMA) refers to stm32f1xx_hal_dma.o(i.HAL_DMA_Start_IT) for HAL_DMA_Start_IT
    stm32f1xx_hal_uart.o(i.HAL_UART_Receive_DMA) refers to stm32f1xx_hal_uart.o(i.UART_DMAReceiveCplt) for UART_DMAReceiveCplt
    stm32f1xx_hal_uart.o(i.HAL_UART_Receive_DMA) refers to stm32f1xx_hal_uart.o(i.UART_DMARxHalfCplt) for UART_DMARxHalfCplt
    stm32f1xx_hal_uart.o(i.HAL_UART_Receive_DMA) refers to stm32f1xx_hal_uart.o(i.UART_DMAError) for UART_DMAError
    stm32f1xx_hal_uart.o(i.HAL_UART_Transmit) refers to stm32f1xx_hal.o(i.HAL_GetTick) for HAL_GetTick
    stm32f1xx_hal_uart.o(i.HAL_UART_Transmit) refers to stm32f1xx_hal_uart.o(i.UART_WaitOnFlagUntilTimeout) for UART_WaitOnFlagUntilTimeout
    stm32f1xx_hal_uart.o(i.HAL_UART_Transmit_DMA) refers to stm32f1xx_hal_dma.o(i.HAL_DMA_Start_IT) for HAL_DMA_Start_IT
    stm32f1xx_hal_uart.o(i.HAL_UART_Transmit_DMA) refers to stm32f1xx_hal_uart.o(i.UART_DMATransmitCplt) for UART_DMATransmitCplt
    stm32f1xx_hal_uart.o(i.HAL_UART_Transmit_DMA) refers to stm32f1xx_hal_uart.o(i.UART_DMATxHalfCplt) for UART_DMATxHalfCplt
    stm32f1xx_hal_uart.o(i.HAL_UART_Transmit_DMA) refers to stm32f1xx_hal_uart.o(i.UART_DMAError) for UART_DMAError
    stm32f1xx_hal_uart.o(i.UART_DMAAbortOnError) refers to stm32f1xx_hal_uart.o(i.HAL_UART_ErrorCallback) for HAL_UART_ErrorCallback
    stm32f1xx_hal_uart.o(i.UART_DMAError) refers to stm32f1xx_hal_uart.o(i.UART_EndTxTransfer) for UART_EndTxTransfer
    stm32f1xx_hal_uart.o(i.UART_DMAError) refers to stm32f1xx_hal_uart.o(i.UART_EndRxTransfer) for UART_EndRxTransfer
    stm32f1xx_hal_uart.o(i.UART_DMAError) refers to stm32f1xx_hal_uart.o(i.HAL_UART_ErrorCallback) for HAL_UART_ErrorCallback
    stm32f1xx_hal_uart.o(i.UART_DMAReceiveCplt) refers to usart.o(i.HAL_UART_RxCpltCallback) for HAL_UART_RxCpltCallback
    stm32f1xx_hal_uart.o(i.UART_DMARxAbortCallback) refers to stm32f1xx_hal_uart.o(i.HAL_UART_AbortCpltCallback) for HAL_UART_AbortCpltCallback
    stm32f1xx_hal_uart.o(i.UART_DMARxHalfCplt) refers to stm32f1xx_hal_uart.o(i.HAL_UART_RxHalfCpltCallback) for HAL_UART_RxHalfCpltCallback
    stm32f1xx_hal_uart.o(i.UART_DMARxOnlyAbortCallback) refers to stm32f1xx_hal_uart.o(i.HAL_UART_AbortReceiveCpltCallback) for HAL_UART_AbortReceiveCpltCallback
    stm32f1xx_hal_uart.o(i.UART_DMATransmitCplt) refers to stm32f1xx_hal_uart.o(i.HAL_UART_TxCpltCallback) for HAL_UART_TxCpltCallback
    stm32f1xx_hal_uart.o(i.UART_DMATxAbortCallback) refers to stm32f1xx_hal_uart.o(i.HAL_UART_AbortCpltCallback) for HAL_UART_AbortCpltCallback
    stm32f1xx_hal_uart.o(i.UART_DMATxHalfCplt) refers to stm32f1xx_hal_uart.o(i.HAL_UART_TxHalfCpltCallback) for HAL_UART_TxHalfCpltCallback
    stm32f1xx_hal_uart.o(i.UART_DMATxOnlyAbortCallback) refers to stm32f1xx_hal_uart.o(i.HAL_UART_AbortTransmitCpltCallback) for HAL_UART_AbortTransmitCpltCallback
    stm32f1xx_hal_uart.o(i.UART_EndTransmit_IT) refers to stm32f1xx_hal_uart.o(i.HAL_UART_TxCpltCallback) for HAL_UART_TxCpltCallback
    stm32f1xx_hal_uart.o(i.UART_Receive_IT) refers to usart.o(i.HAL_UART_RxCpltCallback) for HAL_UART_RxCpltCallback
    stm32f1xx_hal_uart.o(i.UART_SetConfig) refers to stm32f1xx_hal_rcc.o(i.HAL_RCC_GetPCLK2Freq) for HAL_RCC_GetPCLK2Freq
    stm32f1xx_hal_uart.o(i.UART_SetConfig) refers to stm32f1xx_hal_rcc.o(i.HAL_RCC_GetPCLK1Freq) for HAL_RCC_GetPCLK1Freq
    stm32f1xx_hal_uart.o(i.UART_WaitOnFlagUntilTimeout) refers to stm32f1xx_hal.o(i.HAL_GetTick) for HAL_GetTick
    led.o(i.LED_Init) refers to stm32f1xx_hal_gpio.o(i.HAL_GPIO_Init) for HAL_GPIO_Init
    led.o(i.LED_Init) refers to stm32f1xx_hal_gpio.o(i.HAL_GPIO_WritePin) for HAL_GPIO_WritePin
    exti.o(i.EXTI0_IRQHandler) refers to stm32f1xx_hal_gpio.o(i.HAL_GPIO_EXTI_IRQHandler) for HAL_GPIO_EXTI_IRQHandler
    exti.o(i.EXTI2_IRQHandler) refers to stm32f1xx_hal_gpio.o(i.HAL_GPIO_EXTI_IRQHandler) for HAL_GPIO_EXTI_IRQHandler
    exti.o(i.EXTI3_IRQHandler) refers to stm32f1xx_hal_gpio.o(i.HAL_GPIO_EXTI_IRQHandler) for HAL_GPIO_EXTI_IRQHandler
    exti.o(i.EXTI4_IRQHandler) refers to stm32f1xx_hal_gpio.o(i.HAL_GPIO_EXTI_IRQHandler) for HAL_GPIO_EXTI_IRQHandler
    exti.o(i.EXTI_Init) refers to stm32f1xx_hal_gpio.o(i.HAL_GPIO_Init) for HAL_GPIO_Init
    exti.o(i.EXTI_Init) refers to stm32f1xx_hal_cortex.o(i.HAL_NVIC_SetPriority) for HAL_NVIC_SetPriority
    exti.o(i.EXTI_Init) refers to stm32f1xx_hal_cortex.o(i.HAL_NVIC_EnableIRQ) for HAL_NVIC_EnableIRQ
    exti.o(i.HAL_GPIO_EXTI_Callback) refers to systick.o(i.delay_ms) for delay_ms
    exti.o(i.HAL_GPIO_EXTI_Callback) refers to stm32f1xx_hal_gpio.o(i.HAL_GPIO_ReadPin) for HAL_GPIO_ReadPin
    exti.o(i.HAL_GPIO_EXTI_Callback) refers to stm32f1xx_hal_gpio.o(i.HAL_GPIO_WritePin) for HAL_GPIO_WritePin
    time.o(i.HAL_TIM_Base_MspInit) refers to stm32f1xx_hal_cortex.o(i.HAL_NVIC_SetPriority) for HAL_NVIC_SetPriority
    time.o(i.HAL_TIM_Base_MspInit) refers to stm32f1xx_hal_cortex.o(i.HAL_NVIC_EnableIRQ) for HAL_NVIC_EnableIRQ
    time.o(i.HAL_TIM_PWM_MspInit) refers to stm32f1xx_hal_gpio.o(i.HAL_GPIO_Init) for HAL_GPIO_Init
    time.o(i.TIM2_IRQHandler) refers to stm32f1xx_hal_tim.o(i.HAL_TIM_IRQHandler) for HAL_TIM_IRQHandler
    time.o(i.TIM2_IRQHandler) refers to time.o(.bss) for TIM2_Handler
    time.o(i.TIM2_Init) refers to stm32f1xx_hal_tim.o(i.HAL_TIM_Base_Init) for HAL_TIM_Base_Init
    time.o(i.TIM2_Init) refers to stm32f1xx_hal_tim.o(i.HAL_TIM_Base_Start_IT) for HAL_TIM_Base_Start_IT
    time.o(i.TIM2_Init) refers to time.o(.bss) for TIM2_Handler
    time.o(i.TIM3_CH2_PWM_Init) refers to stm32f1xx_hal_tim.o(i.HAL_TIM_PWM_Init) for HAL_TIM_PWM_Init
    time.o(i.TIM3_CH2_PWM_Init) refers to stm32f1xx_hal_tim.o(i.HAL_TIM_PWM_ConfigChannel) for HAL_TIM_PWM_ConfigChannel
    time.o(i.TIM3_CH2_PWM_Init) refers to stm32f1xx_hal_tim.o(i.HAL_TIM_PWM_Start) for HAL_TIM_PWM_Start
    time.o(i.TIM4_IRQHandler) refers to stm32f1xx_hal_tim.o(i.HAL_TIM_IRQHandler) for HAL_TIM_IRQHandler
    time.o(i.TIM4_IRQHandler) refers to time.o(.bss) for TIM4_Handler
    time.o(i.TIM4_Init) refers to stm32f1xx_hal_tim.o(i.HAL_TIM_Base_Init) for HAL_TIM_Base_Init
    time.o(i.TIM4_Init) refers to stm32f1xx_hal_tim.o(i.HAL_TIM_Base_Start_IT) for HAL_TIM_Base_Start_IT
    time.o(i.TIM4_Init) refers to time.o(.bss) for TIM4_Handler
    time.o(i.TIM5_IRQHandler) refers to stm32f1xx_hal_tim.o(i.HAL_TIM_IRQHandler) for HAL_TIM_IRQHandler
    time.o(i.TIM5_IRQHandler) refers to time.o(.bss) for TIM5_Handler
    time.o(i.TIM5_Init) refers to stm32f1xx_hal_tim.o(i.HAL_TIM_Base_Init) for HAL_TIM_Base_Init
    time.o(i.TIM5_Init) refers to stm32f1xx_hal_tim.o(i.HAL_TIM_Base_Start_IT) for HAL_TIM_Base_Start_IT
    time.o(i.TIM5_Init) refers to time.o(.bss) for TIM5_Handler
    time.o(i.TIM6_IRQHandler) refers to stm32f1xx_hal_tim.o(i.HAL_TIM_IRQHandler) for HAL_TIM_IRQHandler
    time.o(i.TIM6_IRQHandler) refers to time.o(.bss) for TIM6_Handler
    time.o(i.TIM6_Init) refers to stm32f1xx_hal_tim.o(i.HAL_TIM_Base_Init) for HAL_TIM_Base_Init
    time.o(i.TIM6_Init) refers to stm32f1xx_hal_tim.o(i.HAL_TIM_Base_Start_IT) for HAL_TIM_Base_Start_IT
    time.o(i.TIM6_Init) refers to time.o(.bss) for TIM6_Handler
    time.o(i.TIM7_IRQHandler) refers to stm32f1xx_hal_tim.o(i.HAL_TIM_IRQHandler) for HAL_TIM_IRQHandler
    time.o(i.TIM7_IRQHandler) refers to time.o(.bss) for TIM7_Handler
    time.o(i.TIM7_Init) refers to stm32f1xx_hal_tim.o(i.HAL_TIM_Base_Init) for HAL_TIM_Base_Init
    time.o(i.TIM7_Init) refers to stm32f1xx_hal_tim.o(i.HAL_TIM_Base_Start_IT) for HAL_TIM_Base_Start_IT
    time.o(i.TIM7_Init) refers to time.o(.bss) for TIM7_Handler
    system.o(i.SystemClock_Init) refers to stm32f1xx_hal_rcc.o(i.HAL_RCC_OscConfig) for HAL_RCC_OscConfig
    system.o(i.SystemClock_Init) refers to stm32f1xx_hal_rcc.o(i.HAL_RCC_ClockConfig) for HAL_RCC_ClockConfig
    systick.o(i.SysTick_Init) refers to stm32f1xx_hal_cortex.o(i.HAL_SYSTICK_CLKSourceConfig) for HAL_SYSTICK_CLKSourceConfig
    systick.o(i.SysTick_Init) refers to systick.o(.data) for fac_us
    systick.o(i.delay_ms) refers to systick.o(i.delay_us) for delay_us
    systick.o(i.delay_us) refers to systick.o(.data) for fac_us
    usart.o(i.HAL_UART_MspInit) refers to stm32f1xx_hal_gpio.o(i.HAL_GPIO_Init) for HAL_GPIO_Init
    usart.o(i.HAL_UART_MspInit) refers to stm32f1xx_hal_cortex.o(i.HAL_NVIC_EnableIRQ) for HAL_NVIC_EnableIRQ
    usart.o(i.HAL_UART_MspInit) refers to stm32f1xx_hal_cortex.o(i.HAL_NVIC_SetPriority) for HAL_NVIC_SetPriority
    usart.o(i.HAL_UART_RxCpltCallback) refers to usart.o(.data) for USART1_RX_STA
    usart.o(i.HAL_UART_RxCpltCallback) refers to usart.o(.bss) for USART1_RX_BUF
    usart.o(i.USART1_IRQHandler) refers to stm32f1xx_hal_uart.o(i.HAL_UART_IRQHandler) for HAL_UART_IRQHandler
    usart.o(i.USART1_IRQHandler) refers to stm32f1xx_hal_uart.o(i.HAL_UART_GetState) for HAL_UART_GetState
    usart.o(i.USART1_IRQHandler) refers to stm32f1xx_hal_uart.o(i.HAL_UART_Receive_IT) for HAL_UART_Receive_IT
    usart.o(i.USART1_IRQHandler) refers to usart.o(.bss) for UART1_Handler
    usart.o(i.USART1_IRQHandler) refers to usart.o(.data) for aRxBuffer
    usart.o(i.USART1_Init) refers to stm32f1xx_hal_uart.o(i.HAL_UART_Init) for HAL_UART_Init
    usart.o(i.USART1_Init) refers to stm32f1xx_hal_uart.o(i.HAL_UART_Receive_IT) for HAL_UART_Receive_IT
    usart.o(i.USART1_Init) refers to usart.o(.bss) for UART1_Handler
    usart.o(i.USART1_Init) refers to usart.o(.data) for aRxBuffer
    entry.o(.ARM.Collect$$$$00000000) refers (Special) to entry10a.o(.ARM.Collect$$$$0000000D) for __rt_final_cpp
    entry.o(.ARM.Collect$$$$00000000) refers (Special) to entry11a.o(.ARM.Collect$$$$0000000F) for __rt_final_exit
    entry.o(.ARM.Collect$$$$00000000) refers (Special) to entry7b.o(.ARM.Collect$$$$00000008) for _main_clock
    entry.o(.ARM.Collect$$$$00000000) refers (Special) to entry8b.o(.ARM.Collect$$$$0000000A) for _main_cpp_init
    entry.o(.ARM.Collect$$$$00000000) refers (Special) to entry9a.o(.ARM.Collect$$$$0000000B) for _main_init
    entry.o(.ARM.Collect$$$$00000000) refers (Special) to entry5.o(.ARM.Collect$$$$00000004) for _main_scatterload
    entry.o(.ARM.Collect$$$$00000000) refers (Special) to entry2.o(.ARM.Collect$$$$00000001) for _main_stk
    entry2.o(.ARM.Collect$$$$00000001) refers to entry2.o(.ARM.Collect$$$$00002712) for __lit__00000000
    entry2.o(.ARM.Collect$$$$00002712) refers to startup_stm32f103xe.o(STACK) for __initial_sp
    entry2.o(__vectab_stack_and_reset_area) refers to startup_stm32f103xe.o(STACK) for __initial_sp
    entry2.o(__vectab_stack_and_reset_area) refers to entry.o(.ARM.Collect$$$$00000000) for __main
    entry5.o(.ARM.Collect$$$$00000004) refers to init.o(.text) for __scatterload
    entry9a.o(.ARM.Collect$$$$0000000B) refers to main.o(i.main) for main
    entry9b.o(.ARM.Collect$$$$0000000C) refers to main.o(i.main) for main
    init.o(.text) refers to entry5.o(.ARM.Collect$$$$00000004) for __main_after_scatterload


==============================================================================

Removing Unused input sections from the image.

    Removing main.o(.rev16_text), (4 bytes).
    Removing main.o(.revsh_text), (4 bytes).
    Removing main.o(.rrx_text), (6 bytes).
    Removing stm32f1xx_it.o(.rev16_text), (4 bytes).
    Removing stm32f1xx_it.o(.revsh_text), (4 bytes).
    Removing stm32f1xx_it.o(.rrx_text), (6 bytes).
    Removing system_stm32f1xx.o(.rev16_text), (4 bytes).
    Removing system_stm32f1xx.o(.revsh_text), (4 bytes).
    Removing system_stm32f1xx.o(.rrx_text), (6 bytes).
    Removing system_stm32f1xx.o(i.SystemCoreClockUpdate), (164 bytes).
    Removing startup_stm32f103xe.o(HEAP), (512 bytes).
    Removing stm32f1xx_hal.o(.rev16_text), (4 bytes).
    Removing stm32f1xx_hal.o(.revsh_text), (4 bytes).
    Removing stm32f1xx_hal.o(.rrx_text), (6 bytes).
    Removing stm32f1xx_hal.o(i.HAL_DBGMCU_DisableDBGSleepMode), (20 bytes).
    Removing stm32f1xx_hal.o(i.HAL_DBGMCU_DisableDBGStandbyMode), (20 bytes).
    Removing stm32f1xx_hal.o(i.HAL_DBGMCU_DisableDBGStopMode), (20 bytes).
    Removing stm32f1xx_hal.o(i.HAL_DBGMCU_EnableDBGSleepMode), (20 bytes).
    Removing stm32f1xx_hal.o(i.HAL_DBGMCU_EnableDBGStandbyMode), (20 bytes).
    Removing stm32f1xx_hal.o(i.HAL_DBGMCU_EnableDBGStopMode), (20 bytes).
    Removing stm32f1xx_hal.o(i.HAL_DeInit), (36 bytes).
    Removing stm32f1xx_hal.o(i.HAL_GetDEVID), (16 bytes).
    Removing stm32f1xx_hal.o(i.HAL_GetHalVersion), (8 bytes).
    Removing stm32f1xx_hal.o(i.HAL_GetREVID), (12 bytes).
    Removing stm32f1xx_hal.o(i.HAL_GetTickFreq), (12 bytes).
    Removing stm32f1xx_hal.o(i.HAL_GetTickPrio), (12 bytes).
    Removing stm32f1xx_hal.o(i.HAL_GetUIDw0), (12 bytes).
    Removing stm32f1xx_hal.o(i.HAL_GetUIDw1), (12 bytes).
    Removing stm32f1xx_hal.o(i.HAL_GetUIDw2), (12 bytes).
    Removing stm32f1xx_hal.o(i.HAL_MspDeInit), (2 bytes).
    Removing stm32f1xx_hal.o(i.HAL_ResumeTick), (18 bytes).
    Removing stm32f1xx_hal.o(i.HAL_SetTickFreq), (44 bytes).
    Removing stm32f1xx_hal.o(i.HAL_SuspendTick), (18 bytes).
    Removing stm32f1xx_hal_cortex.o(.rev16_text), (4 bytes).
    Removing stm32f1xx_hal_cortex.o(.revsh_text), (4 bytes).
    Removing stm32f1xx_hal_cortex.o(.rrx_text), (6 bytes).
    Removing stm32f1xx_hal_cortex.o(i.HAL_NVIC_ClearPendingIRQ), (36 bytes).
    Removing stm32f1xx_hal_cortex.o(i.HAL_NVIC_DisableIRQ), (68 bytes).
    Removing stm32f1xx_hal_cortex.o(i.HAL_NVIC_EnableIRQ), (32 bytes).
    Removing stm32f1xx_hal_cortex.o(i.HAL_NVIC_GetActive), (48 bytes).
    Removing stm32f1xx_hal_cortex.o(i.HAL_NVIC_GetPendingIRQ), (48 bytes).
    Removing stm32f1xx_hal_cortex.o(i.HAL_NVIC_GetPriority), (148 bytes).
    Removing stm32f1xx_hal_cortex.o(i.HAL_NVIC_GetPriorityGrouping), (8 bytes).
    Removing stm32f1xx_hal_cortex.o(i.HAL_NVIC_SetPendingIRQ), (36 bytes).
    Removing stm32f1xx_hal_cortex.o(i.HAL_NVIC_SystemReset), (68 bytes).
    Removing stm32f1xx_hal_cortex.o(i.HAL_SYSTICK_Callback), (2 bytes).
    Removing stm32f1xx_hal_cortex.o(i.HAL_SYSTICK_IRQHandler), (8 bytes).
    Removing stm32f1xx_hal_gpio.o(.rev16_text), (4 bytes).
    Removing stm32f1xx_hal_gpio.o(.revsh_text), (4 bytes).
    Removing stm32f1xx_hal_gpio.o(.rrx_text), (6 bytes).
    Removing stm32f1xx_hal_gpio.o(i.HAL_GPIO_DeInit), (340 bytes).
    Removing stm32f1xx_hal_gpio.o(i.HAL_GPIO_EXTI_Callback), (2 bytes).
    Removing stm32f1xx_hal_gpio.o(i.HAL_GPIO_LockPin), (46 bytes).
    Removing stm32f1xx_hal_gpio.o(i.HAL_GPIO_TogglePin), (14 bytes).
    Removing stm32f1xx_hal_gpio_ex.o(.rev16_text), (4 bytes).
    Removing stm32f1xx_hal_gpio_ex.o(.revsh_text), (4 bytes).
    Removing stm32f1xx_hal_gpio_ex.o(.rrx_text), (6 bytes).
    Removing stm32f1xx_hal_gpio_ex.o(i.HAL_GPIOEx_ConfigEventout), (24 bytes).
    Removing stm32f1xx_hal_gpio_ex.o(i.HAL_GPIOEx_DisableEventout), (20 bytes).
    Removing stm32f1xx_hal_gpio_ex.o(i.HAL_GPIOEx_EnableEventout), (20 bytes).
    Removing stm32f1xx_hal_pwr.o(.rev16_text), (4 bytes).
    Removing stm32f1xx_hal_pwr.o(.revsh_text), (4 bytes).
    Removing stm32f1xx_hal_pwr.o(.rrx_text), (6 bytes).
    Removing stm32f1xx_hal_pwr.o(i.HAL_PWR_ConfigPVD), (180 bytes).
    Removing stm32f1xx_hal_pwr.o(i.HAL_PWR_DeInit), (28 bytes).
    Removing stm32f1xx_hal_pwr.o(i.HAL_PWR_DisableBkUpAccess), (12 bytes).
    Removing stm32f1xx_hal_pwr.o(i.HAL_PWR_DisablePVD), (12 bytes).
    Removing stm32f1xx_hal_pwr.o(i.HAL_PWR_DisableSEVOnPend), (20 bytes).
    Removing stm32f1xx_hal_pwr.o(i.HAL_PWR_DisableSleepOnExit), (20 bytes).
    Removing stm32f1xx_hal_pwr.o(i.HAL_PWR_DisableWakeUpPin), (28 bytes).
    Removing stm32f1xx_hal_pwr.o(i.HAL_PWR_EnableBkUpAccess), (12 bytes).
    Removing stm32f1xx_hal_pwr.o(i.HAL_PWR_EnablePVD), (12 bytes).
    Removing stm32f1xx_hal_pwr.o(i.HAL_PWR_EnableSEVOnPend), (20 bytes).
    Removing stm32f1xx_hal_pwr.o(i.HAL_PWR_EnableSleepOnExit), (20 bytes).
    Removing stm32f1xx_hal_pwr.o(i.HAL_PWR_EnableWakeUpPin), (28 bytes).
    Removing stm32f1xx_hal_pwr.o(i.HAL_PWR_EnterSLEEPMode), (32 bytes).
    Removing stm32f1xx_hal_pwr.o(i.HAL_PWR_EnterSTANDBYMode), (40 bytes).
    Removing stm32f1xx_hal_pwr.o(i.HAL_PWR_EnterSTOPMode), (84 bytes).
    Removing stm32f1xx_hal_pwr.o(i.HAL_PWR_PVDCallback), (2 bytes).
    Removing stm32f1xx_hal_pwr.o(i.HAL_PWR_PVD_IRQHandler), (32 bytes).
    Removing stm32f1xx_hal_pwr.o(i.PWR_OverloadWfe), (6 bytes).
    Removing stm32f1xx_hal_rcc.o(.rev16_text), (4 bytes).
    Removing stm32f1xx_hal_rcc.o(.revsh_text), (4 bytes).
    Removing stm32f1xx_hal_rcc.o(.rrx_text), (6 bytes).
    Removing stm32f1xx_hal_rcc.o(i.HAL_RCC_CSSCallback), (2 bytes).
    Removing stm32f1xx_hal_rcc.o(i.HAL_RCC_DeInit), (272 bytes).
    Removing stm32f1xx_hal_rcc.o(i.HAL_RCC_DisableCSS), (12 bytes).
    Removing stm32f1xx_hal_rcc.o(i.HAL_RCC_EnableCSS), (12 bytes).
    Removing stm32f1xx_hal_rcc.o(i.HAL_RCC_GetClockConfig), (68 bytes).
    Removing stm32f1xx_hal_rcc.o(i.HAL_RCC_GetHCLKFreq), (12 bytes).
    Removing stm32f1xx_hal_rcc.o(i.HAL_RCC_GetOscConfig), (200 bytes).
    Removing stm32f1xx_hal_rcc.o(i.HAL_RCC_GetPCLK1Freq), (32 bytes).
    Removing stm32f1xx_hal_rcc.o(i.HAL_RCC_GetPCLK2Freq), (32 bytes).
    Removing stm32f1xx_hal_rcc.o(i.HAL_RCC_MCOConfig), (100 bytes).
    Removing stm32f1xx_hal_rcc.o(i.HAL_RCC_NMI_IRQHandler), (32 bytes).
    Removing stm32f1xx_hal_rcc_ex.o(.rev16_text), (4 bytes).
    Removing stm32f1xx_hal_rcc_ex.o(.revsh_text), (4 bytes).
    Removing stm32f1xx_hal_rcc_ex.o(.rrx_text), (6 bytes).
    Removing stm32f1xx_hal_rcc_ex.o(i.HAL_RCCEx_GetPeriphCLKConfig), (84 bytes).
    Removing stm32f1xx_hal_rcc_ex.o(i.HAL_RCCEx_GetPeriphCLKFreq), (308 bytes).
    Removing stm32f1xx_hal_rcc_ex.o(i.HAL_RCCEx_PeriphCLKConfig), (300 bytes).
    Removing stm32f1xx_hal_exti.o(.rev16_text), (4 bytes).
    Removing stm32f1xx_hal_exti.o(.revsh_text), (4 bytes).
    Removing stm32f1xx_hal_exti.o(.rrx_text), (6 bytes).
    Removing stm32f1xx_hal_exti.o(i.HAL_EXTI_ClearConfigLine), (120 bytes).
    Removing stm32f1xx_hal_exti.o(i.HAL_EXTI_ClearPending), (28 bytes).
    Removing stm32f1xx_hal_exti.o(i.HAL_EXTI_GenerateSWI), (24 bytes).
    Removing stm32f1xx_hal_exti.o(i.HAL_EXTI_GetConfigLine), (176 bytes).
    Removing stm32f1xx_hal_exti.o(i.HAL_EXTI_GetHandle), (14 bytes).
    Removing stm32f1xx_hal_exti.o(i.HAL_EXTI_GetPending), (36 bytes).
    Removing stm32f1xx_hal_exti.o(i.HAL_EXTI_IRQHandler), (44 bytes).
    Removing stm32f1xx_hal_exti.o(i.HAL_EXTI_RegisterCallback), (20 bytes).
    Removing stm32f1xx_hal_exti.o(i.HAL_EXTI_SetConfigLine), (240 bytes).
    Removing stm32f1xx_hal_tim.o(.rev16_text), (4 bytes).
    Removing stm32f1xx_hal_tim.o(.revsh_text), (4 bytes).
    Removing stm32f1xx_hal_tim.o(.rrx_text), (6 bytes).
    Removing stm32f1xx_hal_tim.o(i.HAL_TIM_Base_DeInit), (70 bytes).
    Removing stm32f1xx_hal_tim.o(i.HAL_TIM_Base_GetState), (8 bytes).
    Removing stm32f1xx_hal_tim.o(i.HAL_TIM_Base_Init), (52 bytes).
    Removing stm32f1xx_hal_tim.o(i.HAL_TIM_Base_MspDeInit), (2 bytes).
    Removing stm32f1xx_hal_tim.o(i.HAL_TIM_Base_MspInit), (2 bytes).
    Removing stm32f1xx_hal_tim.o(i.HAL_TIM_Base_Start), (42 bytes).
    Removing stm32f1xx_hal_tim.o(i.HAL_TIM_Base_Start_DMA), (136 bytes).
    Removing stm32f1xx_hal_tim.o(i.HAL_TIM_Base_Start_IT), (42 bytes).
    Removing stm32f1xx_hal_tim.o(i.HAL_TIM_Base_Stop), (56 bytes).
    Removing stm32f1xx_hal_tim.o(i.HAL_TIM_Base_Stop_DMA), (70 bytes).
    Removing stm32f1xx_hal_tim.o(i.HAL_TIM_Base_Stop_IT), (56 bytes).
    Removing stm32f1xx_hal_tim.o(i.HAL_TIM_ConfigClockSource), (264 bytes).
    Removing stm32f1xx_hal_tim.o(i.HAL_TIM_ConfigOCrefClear), (270 bytes).
    Removing stm32f1xx_hal_tim.o(i.HAL_TIM_ConfigTI1Input), (22 bytes).
    Removing stm32f1xx_hal_tim.o(i.HAL_TIM_DMABurst_ReadStart), (488 bytes).
    Removing stm32f1xx_hal_tim.o(i.HAL_TIM_DMABurst_ReadStop), (146 bytes).
    Removing stm32f1xx_hal_tim.o(i.HAL_TIM_DMABurst_WriteStart), (488 bytes).
    Removing stm32f1xx_hal_tim.o(i.HAL_TIM_DMABurst_WriteStop), (146 bytes).
    Removing stm32f1xx_hal_tim.o(i.HAL_TIM_Encoder_DeInit), (70 bytes).
    Removing stm32f1xx_hal_tim.o(i.HAL_TIM_Encoder_GetState), (8 bytes).
    Removing stm32f1xx_hal_tim.o(i.HAL_TIM_Encoder_Init), (170 bytes).
    Removing stm32f1xx_hal_tim.o(i.HAL_TIM_Encoder_MspDeInit), (2 bytes).
    Removing stm32f1xx_hal_tim.o(i.HAL_TIM_Encoder_MspInit), (2 bytes).
    Removing stm32f1xx_hal_tim.o(i.HAL_TIM_Encoder_Start), (78 bytes).
    Removing stm32f1xx_hal_tim.o(i.HAL_TIM_Encoder_Start_DMA), (380 bytes).
    Removing stm32f1xx_hal_tim.o(i.HAL_TIM_Encoder_Start_IT), (126 bytes).
    Removing stm32f1xx_hal_tim.o(i.HAL_TIM_Encoder_Stop), (104 bytes).
    Removing stm32f1xx_hal_tim.o(i.HAL_TIM_Encoder_Stop_DMA), (176 bytes).
    Removing stm32f1xx_hal_tim.o(i.HAL_TIM_Encoder_Stop_IT), (152 bytes).
    Removing stm32f1xx_hal_tim.o(i.HAL_TIM_ErrorCallback), (2 bytes).
    Removing stm32f1xx_hal_tim.o(i.HAL_TIM_GenerateEvent), (54 bytes).
    Removing stm32f1xx_hal_tim.o(i.HAL_TIM_IC_CaptureHalfCpltCallback), (2 bytes).
    Removing stm32f1xx_hal_tim.o(i.HAL_TIM_IC_ConfigChannel), (224 bytes).
    Removing stm32f1xx_hal_tim.o(i.HAL_TIM_IC_DeInit), (70 bytes).
    Removing stm32f1xx_hal_tim.o(i.HAL_TIM_IC_GetState), (8 bytes).
    Removing stm32f1xx_hal_tim.o(i.HAL_TIM_IC_Init), (52 bytes).
    Removing stm32f1xx_hal_tim.o(i.HAL_TIM_IC_MspDeInit), (2 bytes).
    Removing stm32f1xx_hal_tim.o(i.HAL_TIM_IC_MspInit), (2 bytes).
    Removing stm32f1xx_hal_tim.o(i.HAL_TIM_IC_Start), (44 bytes).
    Removing stm32f1xx_hal_tim.o(i.HAL_TIM_IC_Start_DMA), (332 bytes).
    Removing stm32f1xx_hal_tim.o(i.HAL_TIM_IC_Start_IT), (120 bytes).
    Removing stm32f1xx_hal_tim.o(i.HAL_TIM_IC_Stop), (58 bytes).
    Removing stm32f1xx_hal_tim.o(i.HAL_TIM_IC_Stop_DMA), (164 bytes).
    Removing stm32f1xx_hal_tim.o(i.HAL_TIM_IC_Stop_IT), (134 bytes).
    Removing stm32f1xx_hal_tim.o(i.HAL_TIM_OC_ConfigChannel), (116 bytes).
    Removing stm32f1xx_hal_tim.o(i.HAL_TIM_OC_DeInit), (70 bytes).
    Removing stm32f1xx_hal_tim.o(i.HAL_TIM_OC_GetState), (8 bytes).
    Removing stm32f1xx_hal_tim.o(i.HAL_TIM_OC_Init), (52 bytes).
    Removing stm32f1xx_hal_tim.o(i.HAL_TIM_OC_MspDeInit), (2 bytes).
    Removing stm32f1xx_hal_tim.o(i.HAL_TIM_OC_MspInit), (2 bytes).
    Removing stm32f1xx_hal_tim.o(i.HAL_TIM_OC_Start), (88 bytes).
    Removing stm32f1xx_hal_tim.o(i.HAL_TIM_OC_Start_DMA), (376 bytes).
    Removing stm32f1xx_hal_tim.o(i.HAL_TIM_OC_Start_IT), (164 bytes).
    Removing stm32f1xx_hal_tim.o(i.HAL_TIM_OC_Stop), (128 bytes).
    Removing stm32f1xx_hal_tim.o(i.HAL_TIM_OC_Stop_DMA), (236 bytes).
    Removing stm32f1xx_hal_tim.o(i.HAL_TIM_OC_Stop_IT), (204 bytes).
    Removing stm32f1xx_hal_tim.o(i.HAL_TIM_OnePulse_ConfigChannel), (286 bytes).
    Removing stm32f1xx_hal_tim.o(i.HAL_TIM_OnePulse_DeInit), (70 bytes).
    Removing stm32f1xx_hal_tim.o(i.HAL_TIM_OnePulse_GetState), (8 bytes).
    Removing stm32f1xx_hal_tim.o(i.HAL_TIM_OnePulse_Init), (76 bytes).
    Removing stm32f1xx_hal_tim.o(i.HAL_TIM_OnePulse_MspDeInit), (2 bytes).
    Removing stm32f1xx_hal_tim.o(i.HAL_TIM_OnePulse_MspInit), (2 bytes).
    Removing stm32f1xx_hal_tim.o(i.HAL_TIM_OnePulse_Start), (76 bytes).
    Removing stm32f1xx_hal_tim.o(i.HAL_TIM_OnePulse_Start_IT), (100 bytes).
    Removing stm32f1xx_hal_tim.o(i.HAL_TIM_OnePulse_Stop), (140 bytes).
    Removing stm32f1xx_hal_tim.o(i.HAL_TIM_OnePulse_Stop_IT), (164 bytes).
    Removing stm32f1xx_hal_tim.o(i.HAL_TIM_PWM_DeInit), (70 bytes).
    Removing stm32f1xx_hal_tim.o(i.HAL_TIM_PWM_GetState), (8 bytes).
    Removing stm32f1xx_hal_tim.o(i.HAL_TIM_PWM_MspDeInit), (2 bytes).
    Removing stm32f1xx_hal_tim.o(i.HAL_TIM_PWM_MspInit), (2 bytes).
    Removing stm32f1xx_hal_tim.o(i.HAL_TIM_PWM_PulseFinishedHalfCpltCallback), (2 bytes).
    Removing stm32f1xx_hal_tim.o(i.HAL_TIM_PWM_Start_DMA), (376 bytes).
    Removing stm32f1xx_hal_tim.o(i.HAL_TIM_PWM_Start_IT), (164 bytes).
    Removing stm32f1xx_hal_tim.o(i.HAL_TIM_PWM_Stop), (136 bytes).
    Removing stm32f1xx_hal_tim.o(i.HAL_TIM_PWM_Stop_DMA), (236 bytes).
    Removing stm32f1xx_hal_tim.o(i.HAL_TIM_PWM_Stop_IT), (204 bytes).
    Removing stm32f1xx_hal_tim.o(i.HAL_TIM_PeriodElapsedCallback), (2 bytes).
    Removing stm32f1xx_hal_tim.o(i.HAL_TIM_PeriodElapsedHalfCpltCallback), (2 bytes).
    Removing stm32f1xx_hal_tim.o(i.HAL_TIM_ReadCapturedValue), (50 bytes).
    Removing stm32f1xx_hal_tim.o(i.HAL_TIM_SlaveConfigSynchro), (108 bytes).
    Removing stm32f1xx_hal_tim.o(i.HAL_TIM_SlaveConfigSynchro_IT), (108 bytes).
    Removing stm32f1xx_hal_tim.o(i.HAL_TIM_TriggerHalfCpltCallback), (2 bytes).
    Removing stm32f1xx_hal_tim.o(i.TIM_DMACaptureCplt), (70 bytes).
    Removing stm32f1xx_hal_tim.o(i.TIM_DMACaptureHalfCplt), (70 bytes).
    Removing stm32f1xx_hal_tim.o(i.TIM_DMADelayPulseCplt), (70 bytes).
    Removing stm32f1xx_hal_tim.o(i.TIM_DMADelayPulseHalfCplt), (70 bytes).
    Removing stm32f1xx_hal_tim.o(i.TIM_DMAError), (20 bytes).
    Removing stm32f1xx_hal_tim.o(i.TIM_DMAPeriodElapsedCplt), (20 bytes).
    Removing stm32f1xx_hal_tim.o(i.TIM_DMAPeriodElapsedHalfCplt), (20 bytes).
    Removing stm32f1xx_hal_tim.o(i.TIM_DMATriggerCplt), (20 bytes).
    Removing stm32f1xx_hal_tim.o(i.TIM_DMATriggerHalfCplt), (20 bytes).
    Removing stm32f1xx_hal_tim.o(i.TIM_ETR_SetConfig), (22 bytes).
    Removing stm32f1xx_hal_tim.o(i.TIM_ITRx_SetConfig), (18 bytes).
    Removing stm32f1xx_hal_tim.o(i.TIM_SlaveTimer_SetConfig), (170 bytes).
    Removing stm32f1xx_hal_tim.o(i.TIM_TI1_ConfigInputStage), (38 bytes).
    Removing stm32f1xx_hal_tim.o(i.TIM_TI1_SetConfig), (124 bytes).
    Removing stm32f1xx_hal_tim.o(i.TIM_TI2_ConfigInputStage), (40 bytes).
    Removing stm32f1xx_hal_tim.o(i.TIM_TI2_SetConfig), (58 bytes).
    Removing stm32f1xx_hal_tim.o(i.TIM_TI3_SetConfig), (56 bytes).
    Removing stm32f1xx_hal_tim.o(i.TIM_TI4_SetConfig), (60 bytes).
    Removing stm32f1xx_hal_tim_ex.o(.rev16_text), (4 bytes).
    Removing stm32f1xx_hal_tim_ex.o(.revsh_text), (4 bytes).
    Removing stm32f1xx_hal_tim_ex.o(.rrx_text), (6 bytes).
    Removing stm32f1xx_hal_tim_ex.o(i.HAL_TIMEx_CommutHalfCpltCallback), (2 bytes).
    Removing stm32f1xx_hal_tim_ex.o(i.HAL_TIMEx_ConfigBreakDeadTime), (116 bytes).
    Removing stm32f1xx_hal_tim_ex.o(i.HAL_TIMEx_ConfigCommutEvent), (134 bytes).
    Removing stm32f1xx_hal_tim_ex.o(i.HAL_TIMEx_ConfigCommutEvent_DMA), (164 bytes).
    Removing stm32f1xx_hal_tim_ex.o(i.HAL_TIMEx_ConfigCommutEvent_IT), (134 bytes).
    Removing stm32f1xx_hal_tim_ex.o(i.HAL_TIMEx_HallSensor_DeInit), (70 bytes).
    Removing stm32f1xx_hal_tim_ex.o(i.HAL_TIMEx_HallSensor_GetState), (8 bytes).
    Removing stm32f1xx_hal_tim_ex.o(i.HAL_TIMEx_HallSensor_Init), (208 bytes).
    Removing stm32f1xx_hal_tim_ex.o(i.HAL_TIMEx_HallSensor_MspDeInit), (2 bytes).
    Removing stm32f1xx_hal_tim_ex.o(i.HAL_TIMEx_HallSensor_MspInit), (2 bytes).
    Removing stm32f1xx_hal_tim_ex.o(i.HAL_TIMEx_HallSensor_Start), (42 bytes).
    Removing stm32f1xx_hal_tim_ex.o(i.HAL_TIMEx_HallSensor_Start_DMA), (144 bytes).
    Removing stm32f1xx_hal_tim_ex.o(i.HAL_TIMEx_HallSensor_Start_IT), (54 bytes).
    Removing stm32f1xx_hal_tim_ex.o(i.HAL_TIMEx_HallSensor_Stop), (56 bytes).
    Removing stm32f1xx_hal_tim_ex.o(i.HAL_TIMEx_HallSensor_Stop_DMA), (74 bytes).
    Removing stm32f1xx_hal_tim_ex.o(i.HAL_TIMEx_HallSensor_Stop_IT), (68 bytes).
    Removing stm32f1xx_hal_tim_ex.o(i.HAL_TIMEx_MasterConfigSynchronization), (84 bytes).
    Removing stm32f1xx_hal_tim_ex.o(i.HAL_TIMEx_OCN_Start), (56 bytes).
    Removing stm32f1xx_hal_tim_ex.o(i.HAL_TIMEx_OCN_Start_DMA), (288 bytes).
    Removing stm32f1xx_hal_tim_ex.o(i.HAL_TIMEx_OCN_Start_IT), (126 bytes).
    Removing stm32f1xx_hal_tim_ex.o(i.HAL_TIMEx_OCN_Stop), (96 bytes).
    Removing stm32f1xx_hal_tim_ex.o(i.HAL_TIMEx_OCN_Stop_DMA), (178 bytes).
    Removing stm32f1xx_hal_tim_ex.o(i.HAL_TIMEx_OCN_Stop_IT), (178 bytes).
    Removing stm32f1xx_hal_tim_ex.o(i.HAL_TIMEx_OnePulseN_Start), (32 bytes).
    Removing stm32f1xx_hal_tim_ex.o(i.HAL_TIMEx_OnePulseN_Start_IT), (56 bytes).
    Removing stm32f1xx_hal_tim_ex.o(i.HAL_TIMEx_OnePulseN_Stop), (96 bytes).
    Removing stm32f1xx_hal_tim_ex.o(i.HAL_TIMEx_OnePulseN_Stop_IT), (120 bytes).
    Removing stm32f1xx_hal_tim_ex.o(i.HAL_TIMEx_PWMN_Start), (56 bytes).
    Removing stm32f1xx_hal_tim_ex.o(i.HAL_TIMEx_PWMN_Start_DMA), (288 bytes).
    Removing stm32f1xx_hal_tim_ex.o(i.HAL_TIMEx_PWMN_Start_IT), (126 bytes).
    Removing stm32f1xx_hal_tim_ex.o(i.HAL_TIMEx_PWMN_Stop), (96 bytes).
    Removing stm32f1xx_hal_tim_ex.o(i.HAL_TIMEx_PWMN_Stop_DMA), (178 bytes).
    Removing stm32f1xx_hal_tim_ex.o(i.HAL_TIMEx_PWMN_Stop_IT), (178 bytes).
    Removing stm32f1xx_hal_tim_ex.o(i.HAL_TIMEx_RemapConfig), (6 bytes).
    Removing stm32f1xx_hal_tim_ex.o(i.TIMEx_DMACommutationCplt), (20 bytes).
    Removing stm32f1xx_hal_tim_ex.o(i.TIMEx_DMACommutationHalfCplt), (20 bytes).
    Removing stm32f1xx_hal_tim_ex.o(i.TIM_CCxNChannelCmd), (34 bytes).
    Removing stm32f1xx_hal_dma.o(.rev16_text), (4 bytes).
    Removing stm32f1xx_hal_dma.o(.revsh_text), (4 bytes).
    Removing stm32f1xx_hal_dma.o(.rrx_text), (6 bytes).
    Removing stm32f1xx_hal_dma.o(i.DMA_SetConfig), (44 bytes).
    Removing stm32f1xx_hal_dma.o(i.HAL_DMA_Abort), (86 bytes).
    Removing stm32f1xx_hal_dma.o(i.HAL_DMA_DeInit), (140 bytes).
    Removing stm32f1xx_hal_dma.o(i.HAL_DMA_GetError), (6 bytes).
    Removing stm32f1xx_hal_dma.o(i.HAL_DMA_GetState), (8 bytes).
    Removing stm32f1xx_hal_dma.o(i.HAL_DMA_IRQHandler), (920 bytes).
    Removing stm32f1xx_hal_dma.o(i.HAL_DMA_Init), (140 bytes).
    Removing stm32f1xx_hal_dma.o(i.HAL_DMA_PollForTransfer), (1620 bytes).
    Removing stm32f1xx_hal_dma.o(i.HAL_DMA_RegisterCallback), (90 bytes).
    Removing stm32f1xx_hal_dma.o(i.HAL_DMA_Start), (114 bytes).
    Removing stm32f1xx_hal_dma.o(i.HAL_DMA_Start_IT), (156 bytes).
    Removing stm32f1xx_hal_dma.o(i.HAL_DMA_UnRegisterCallback), (106 bytes).
    Removing stm32f1xx_hal_usart.o(.rev16_text), (4 bytes).
    Removing stm32f1xx_hal_usart.o(.revsh_text), (4 bytes).
    Removing stm32f1xx_hal_usart.o(.rrx_text), (6 bytes).
    Removing stm32f1xx_hal_usart.o(i.HAL_USART_Abort), (122 bytes).
    Removing stm32f1xx_hal_usart.o(i.HAL_USART_AbortCpltCallback), (2 bytes).
    Removing stm32f1xx_hal_usart.o(i.HAL_USART_Abort_IT), (212 bytes).
    Removing stm32f1xx_hal_usart.o(i.HAL_USART_DMAPause), (50 bytes).
    Removing stm32f1xx_hal_usart.o(i.HAL_USART_DMAResume), (50 bytes).
    Removing stm32f1xx_hal_usart.o(i.HAL_USART_DMAStop), (102 bytes).
    Removing stm32f1xx_hal_usart.o(i.HAL_USART_DeInit), (54 bytes).
    Removing stm32f1xx_hal_usart.o(i.HAL_USART_ErrorCallback), (2 bytes).
    Removing stm32f1xx_hal_usart.o(i.HAL_USART_GetError), (6 bytes).
    Removing stm32f1xx_hal_usart.o(i.HAL_USART_GetState), (8 bytes).
    Removing stm32f1xx_hal_usart.o(i.HAL_USART_IRQHandler), (384 bytes).
    Removing stm32f1xx_hal_usart.o(i.HAL_USART_Init), (90 bytes).
    Removing stm32f1xx_hal_usart.o(i.HAL_USART_MspDeInit), (2 bytes).
    Removing stm32f1xx_hal_usart.o(i.HAL_USART_MspInit), (2 bytes).
    Removing stm32f1xx_hal_usart.o(i.HAL_USART_Receive), (278 bytes).
    Removing stm32f1xx_hal_usart.o(i.HAL_USART_Receive_DMA), (248 bytes).
    Removing stm32f1xx_hal_usart.o(i.HAL_USART_Receive_IT), (108 bytes).
    Removing stm32f1xx_hal_usart.o(i.HAL_USART_RxCpltCallback), (2 bytes).
    Removing stm32f1xx_hal_usart.o(i.HAL_USART_RxHalfCpltCallback), (2 bytes).
    Removing stm32f1xx_hal_usart.o(i.HAL_USART_Transmit), (214 bytes).
    Removing stm32f1xx_hal_usart.o(i.HAL_USART_TransmitReceive), (320 bytes).
    Removing stm32f1xx_hal_usart.o(i.HAL_USART_TransmitReceive_DMA), (268 bytes).
    Removing stm32f1xx_hal_usart.o(i.HAL_USART_TransmitReceive_IT), (132 bytes).
    Removing stm32f1xx_hal_usart.o(i.HAL_USART_Transmit_DMA), (156 bytes).
    Removing stm32f1xx_hal_usart.o(i.HAL_USART_Transmit_IT), (88 bytes).
    Removing stm32f1xx_hal_usart.o(i.HAL_USART_TxCpltCallback), (2 bytes).
    Removing stm32f1xx_hal_usart.o(i.HAL_USART_TxHalfCpltCallback), (2 bytes).
    Removing stm32f1xx_hal_usart.o(i.HAL_USART_TxRxCpltCallback), (2 bytes).
    Removing stm32f1xx_hal_usart.o(i.USART_DMAAbortOnError), (20 bytes).
    Removing stm32f1xx_hal_usart.o(i.USART_DMAError), (84 bytes).
    Removing stm32f1xx_hal_usart.o(i.USART_DMAReceiveCplt), (122 bytes).
    Removing stm32f1xx_hal_usart.o(i.USART_DMARxAbortCallback), (48 bytes).
    Removing stm32f1xx_hal_usart.o(i.USART_DMARxHalfCplt), (14 bytes).
    Removing stm32f1xx_hal_usart.o(i.USART_DMATransmitCplt), (70 bytes).
    Removing stm32f1xx_hal_usart.o(i.USART_DMATxAbortCallback), (48 bytes).
    Removing stm32f1xx_hal_usart.o(i.USART_DMATxHalfCplt), (14 bytes).
    Removing stm32f1xx_hal_usart.o(i.USART_EndRxTransfer), (32 bytes).
    Removing stm32f1xx_hal_usart.o(i.USART_EndTransmit_IT), (44 bytes).
    Removing stm32f1xx_hal_usart.o(i.USART_EndTxTransfer), (20 bytes).
    Removing stm32f1xx_hal_usart.o(i.USART_Receive_IT), (194 bytes).
    Removing stm32f1xx_hal_usart.o(i.USART_SetConfig), (444 bytes).
    Removing stm32f1xx_hal_usart.o(i.USART_TransmitReceive_IT), (270 bytes).
    Removing stm32f1xx_hal_usart.o(i.USART_Transmit_IT), (104 bytes).
    Removing stm32f1xx_hal_usart.o(i.USART_WaitOnFlagUntilTimeout), (128 bytes).
    Removing stm32f1xx_hal_uart.o(.rev16_text), (4 bytes).
    Removing stm32f1xx_hal_uart.o(.revsh_text), (4 bytes).
    Removing stm32f1xx_hal_uart.o(.rrx_text), (6 bytes).
    Removing stm32f1xx_hal_uart.o(i.HAL_HalfDuplex_EnableReceiver), (68 bytes).
    Removing stm32f1xx_hal_uart.o(i.HAL_HalfDuplex_EnableTransmitter), (68 bytes).
    Removing stm32f1xx_hal_uart.o(i.HAL_HalfDuplex_Init), (118 bytes).
    Removing stm32f1xx_hal_uart.o(i.HAL_LIN_Init), (142 bytes).
    Removing stm32f1xx_hal_uart.o(i.HAL_LIN_SendBreak), (62 bytes).
    Removing stm32f1xx_hal_uart.o(i.HAL_MultiProcessor_EnterMuteMode), (62 bytes).
    Removing stm32f1xx_hal_uart.o(i.HAL_MultiProcessor_ExitMuteMode), (62 bytes).
    Removing stm32f1xx_hal_uart.o(i.HAL_MultiProcessor_Init), (154 bytes).
    Removing stm32f1xx_hal_uart.o(i.HAL_UART_Abort), (166 bytes).
    Removing stm32f1xx_hal_uart.o(i.HAL_UART_AbortCpltCallback), (2 bytes).
    Removing stm32f1xx_hal_uart.o(i.HAL_UART_AbortReceive), (100 bytes).
    Removing stm32f1xx_hal_uart.o(i.HAL_UART_AbortReceiveCpltCallback), (2 bytes).
    Removing stm32f1xx_hal_uart.o(i.HAL_UART_AbortReceive_IT), (120 bytes).
    Removing stm32f1xx_hal_uart.o(i.HAL_UART_AbortTransmit), (88 bytes).
    Removing stm32f1xx_hal_uart.o(i.HAL_UART_AbortTransmitCpltCallback), (2 bytes).
    Removing stm32f1xx_hal_uart.o(i.HAL_UART_AbortTransmit_IT), (108 bytes).
    Removing stm32f1xx_hal_uart.o(i.HAL_UART_Abort_IT), (216 bytes).
    Removing stm32f1xx_hal_uart.o(i.HAL_UART_DMAPause), (124 bytes).
    Removing stm32f1xx_hal_uart.o(i.HAL_UART_DMAResume), (126 bytes).
    Removing stm32f1xx_hal_uart.o(i.HAL_UART_DMAStop), (102 bytes).
    Removing stm32f1xx_hal_uart.o(i.HAL_UART_DeInit), (58 bytes).
    Removing stm32f1xx_hal_uart.o(i.HAL_UART_GetError), (6 bytes).
    Removing stm32f1xx_hal_uart.o(i.HAL_UART_Init), (114 bytes).
    Removing stm32f1xx_hal_uart.o(i.HAL_UART_MspDeInit), (2 bytes).
    Removing stm32f1xx_hal_uart.o(i.HAL_UART_MspInit), (2 bytes).
    Removing stm32f1xx_hal_uart.o(i.HAL_UART_Receive), (222 bytes).
    Removing stm32f1xx_hal_uart.o(i.HAL_UART_Receive_DMA), (196 bytes).
    Removing stm32f1xx_hal_uart.o(i.HAL_UART_RxCpltCallback), (2 bytes).
    Removing stm32f1xx_hal_uart.o(i.HAL_UART_RxHalfCpltCallback), (2 bytes).
    Removing stm32f1xx_hal_uart.o(i.HAL_UART_Transmit), (214 bytes).
    Removing stm32f1xx_hal_uart.o(i.HAL_UART_Transmit_DMA), (156 bytes).
    Removing stm32f1xx_hal_uart.o(i.HAL_UART_Transmit_IT), (88 bytes).
    Removing stm32f1xx_hal_uart.o(i.HAL_UART_TxHalfCpltCallback), (2 bytes).
    Removing stm32f1xx_hal_uart.o(i.UART_DMAError), (80 bytes).
    Removing stm32f1xx_hal_uart.o(i.UART_DMAReceiveCplt), (70 bytes).
    Removing stm32f1xx_hal_uart.o(i.UART_DMARxAbortCallback), (52 bytes).
    Removing stm32f1xx_hal_uart.o(i.UART_DMARxHalfCplt), (14 bytes).
    Removing stm32f1xx_hal_uart.o(i.UART_DMARxOnlyAbortCallback), (24 bytes).
    Removing stm32f1xx_hal_uart.o(i.UART_DMATransmitCplt), (54 bytes).
    Removing stm32f1xx_hal_uart.o(i.UART_DMATxAbortCallback), (52 bytes).
    Removing stm32f1xx_hal_uart.o(i.UART_DMATxHalfCplt), (14 bytes).
    Removing stm32f1xx_hal_uart.o(i.UART_DMATxOnlyAbortCallback), (24 bytes).
    Removing stm32f1xx_hal_uart.o(i.UART_EndTxTransfer), (20 bytes).
    Removing stm32f1xx_hal_uart.o(i.UART_SetConfig), (416 bytes).
    Removing stm32f1xx_hal_uart.o(i.UART_WaitOnFlagUntilTimeout), (108 bytes).
    Removing led.o(.rev16_text), (4 bytes).
    Removing led.o(.revsh_text), (4 bytes).
    Removing led.o(.rrx_text), (6 bytes).
    Removing beep.o(.rev16_text), (4 bytes).
    Removing beep.o(.revsh_text), (4 bytes).
    Removing beep.o(.rrx_text), (6 bytes).
    Removing beep.o(i.BEEP_Init), (2 bytes).
    Removing exti.o(.rev16_text), (4 bytes).
    Removing exti.o(.revsh_text), (4 bytes).
    Removing exti.o(.rrx_text), (6 bytes).
    Removing exti.o(i.EXTI_Init), (188 bytes).
    Removing time.o(.rev16_text), (4 bytes).
    Removing time.o(.revsh_text), (4 bytes).
    Removing time.o(.rrx_text), (6 bytes).
    Removing time.o(i.HAL_TIM_Base_MspInit), (288 bytes).
    Removing time.o(i.TIM2_Init), (44 bytes).
    Removing time.o(i.TIM4_Init), (44 bytes).
    Removing time.o(i.TIM5_Init), (44 bytes).
    Removing time.o(i.TIM6_Init), (40 bytes).
    Removing time.o(i.TIM7_Init), (40 bytes).
    Removing system.o(.rev16_text), (4 bytes).
    Removing system.o(.revsh_text), (4 bytes).
    Removing system.o(.rrx_text), (6 bytes).
    Removing systick.o(.rev16_text), (4 bytes).
    Removing systick.o(.revsh_text), (4 bytes).
    Removing systick.o(.rrx_text), (6 bytes).
    Removing usart.o(.rev16_text), (4 bytes).
    Removing usart.o(.revsh_text), (4 bytes).
    Removing usart.o(.rrx_text), (6 bytes).
    Removing usart.o(i.HAL_UART_MspInit), (144 bytes).
    Removing usart.o(i.USART1_Init), (56 bytes).
    Removing usart.o(i.fputc), (28 bytes).

398 unused section(s) (total 31146 bytes) removed from the image.

==============================================================================

Image Symbol Table

    Local Symbols

    Symbol Name                              Value     Ov Type        Size  Object(Section)

    ../clib/microlib/init/entry.s            0x00000000   Number         0  entry8a.o ABSOLUTE
    ../clib/microlib/init/entry.s            0x00000000   Number         0  entry10a.o ABSOLUTE
    ../clib/microlib/init/entry.s            0x00000000   Number         0  entry9b.o ABSOLUTE
    ../clib/microlib/init/entry.s            0x00000000   Number         0  entry9a.o ABSOLUTE
    ../clib/microlib/init/entry.s            0x00000000   Number         0  entry8b.o ABSOLUTE
    ../clib/microlib/init/entry.s            0x00000000   Number         0  entry11b.o ABSOLUTE
    ../clib/microlib/init/entry.s            0x00000000   Number         0  entry7b.o ABSOLUTE
    ../clib/microlib/init/entry.s            0x00000000   Number         0  entry7a.o ABSOLUTE
    ../clib/microlib/init/entry.s            0x00000000   Number         0  entry2.o ABSOLUTE
    ../clib/microlib/init/entry.s            0x00000000   Number         0  entry.o ABSOLUTE
    ../clib/microlib/init/entry.s            0x00000000   Number         0  entry5.o ABSOLUTE
    ../clib/microlib/init/entry.s            0x00000000   Number         0  entry11a.o ABSOLUTE
    ../clib/microlib/init/entry.s            0x00000000   Number         0  entry10b.o ABSOLUTE
    APP\\beep\\beep.c                        0x00000000   Number         0  beep.o ABSOLUTE
    APP\\exti\\exti.c                        0x00000000   Number         0  exti.o ABSOLUTE
    APP\\led\\led.c                          0x00000000   Number         0  led.o ABSOLUTE
    APP\\time\\time.c                        0x00000000   Number         0  time.o ABSOLUTE
    APP\beep\beep.c                          0x00000000   Number         0  beep.o ABSOLUTE
    APP\exti\exti.c                          0x00000000   Number         0  exti.o ABSOLUTE
    APP\led\led.c                            0x00000000   Number         0  led.o ABSOLUTE
    APP\time\time.c                          0x00000000   Number         0  time.o ABSOLUTE
    Libraries\CMSIS\startup_stm32f103xe.s    0x00000000   Number         0  startup_stm32f103xe.o ABSOLUTE
    Libraries\STM32F1xx_HAL_Driver\Src\stm32f1xx_hal.c 0x00000000   Number         0  stm32f1xx_hal.o ABSOLUTE
    Libraries\STM32F1xx_HAL_Driver\Src\stm32f1xx_hal_cortex.c 0x00000000   Number         0  stm32f1xx_hal_cortex.o ABSOLUTE
    Libraries\STM32F1xx_HAL_Driver\Src\stm32f1xx_hal_dma.c 0x00000000   Number         0  stm32f1xx_hal_dma.o ABSOLUTE
    Libraries\STM32F1xx_HAL_Driver\Src\stm32f1xx_hal_exti.c 0x00000000   Number         0  stm32f1xx_hal_exti.o ABSOLUTE
    Libraries\STM32F1xx_HAL_Driver\Src\stm32f1xx_hal_gpio.c 0x00000000   Number         0  stm32f1xx_hal_gpio.o ABSOLUTE
    Libraries\STM32F1xx_HAL_Driver\Src\stm32f1xx_hal_gpio_ex.c 0x00000000   Number         0  stm32f1xx_hal_gpio_ex.o ABSOLUTE
    Libraries\STM32F1xx_HAL_Driver\Src\stm32f1xx_hal_pwr.c 0x00000000   Number         0  stm32f1xx_hal_pwr.o ABSOLUTE
    Libraries\STM32F1xx_HAL_Driver\Src\stm32f1xx_hal_rcc.c 0x00000000   Number         0  stm32f1xx_hal_rcc.o ABSOLUTE
    Libraries\STM32F1xx_HAL_Driver\Src\stm32f1xx_hal_rcc_ex.c 0x00000000   Number         0  stm32f1xx_hal_rcc_ex.o ABSOLUTE
    Libraries\STM32F1xx_HAL_Driver\Src\stm32f1xx_hal_tim.c 0x00000000   Number         0  stm32f1xx_hal_tim.o ABSOLUTE
    Libraries\STM32F1xx_HAL_Driver\Src\stm32f1xx_hal_tim_ex.c 0x00000000   Number         0  stm32f1xx_hal_tim_ex.o ABSOLUTE
    Libraries\STM32F1xx_HAL_Driver\Src\stm32f1xx_hal_uart.c 0x00000000   Number         0  stm32f1xx_hal_uart.o ABSOLUTE
    Libraries\STM32F1xx_HAL_Driver\Src\stm32f1xx_hal_usart.c 0x00000000   Number         0  stm32f1xx_hal_usart.o ABSOLUTE
    Libraries\\STM32F1xx_HAL_Driver\\Src\\stm32f1xx_hal.c 0x00000000   Number         0  stm32f1xx_hal.o ABSOLUTE
    Libraries\\STM32F1xx_HAL_Driver\\Src\\stm32f1xx_hal_cortex.c 0x00000000   Number         0  stm32f1xx_hal_cortex.o ABSOLUTE
    Libraries\\STM32F1xx_HAL_Driver\\Src\\stm32f1xx_hal_dma.c 0x00000000   Number         0  stm32f1xx_hal_dma.o ABSOLUTE
    Libraries\\STM32F1xx_HAL_Driver\\Src\\stm32f1xx_hal_exti.c 0x00000000   Number         0  stm32f1xx_hal_exti.o ABSOLUTE
    Libraries\\STM32F1xx_HAL_Driver\\Src\\stm32f1xx_hal_gpio.c 0x00000000   Number         0  stm32f1xx_hal_gpio.o ABSOLUTE
    Libraries\\STM32F1xx_HAL_Driver\\Src\\stm32f1xx_hal_gpio_ex.c 0x00000000   Number         0  stm32f1xx_hal_gpio_ex.o ABSOLUTE
    Libraries\\STM32F1xx_HAL_Driver\\Src\\stm32f1xx_hal_pwr.c 0x00000000   Number         0  stm32f1xx_hal_pwr.o ABSOLUTE
    Libraries\\STM32F1xx_HAL_Driver\\Src\\stm32f1xx_hal_rcc.c 0x00000000   Number         0  stm32f1xx_hal_rcc.o ABSOLUTE
    Libraries\\STM32F1xx_HAL_Driver\\Src\\stm32f1xx_hal_rcc_ex.c 0x00000000   Number         0  stm32f1xx_hal_rcc_ex.o ABSOLUTE
    Libraries\\STM32F1xx_HAL_Driver\\Src\\stm32f1xx_hal_tim.c 0x00000000   Number         0  stm32f1xx_hal_tim.o ABSOLUTE
    Libraries\\STM32F1xx_HAL_Driver\\Src\\stm32f1xx_hal_tim_ex.c 0x00000000   Number         0  stm32f1xx_hal_tim_ex.o ABSOLUTE
    Libraries\\STM32F1xx_HAL_Driver\\Src\\stm32f1xx_hal_uart.c 0x00000000   Number         0  stm32f1xx_hal_uart.o ABSOLUTE
    Libraries\\STM32F1xx_HAL_Driver\\Src\\stm32f1xx_hal_usart.c 0x00000000   Number         0  stm32f1xx_hal_usart.o ABSOLUTE
    Public\SysTick.c                         0x00000000   Number         0  systick.o ABSOLUTE
    Public\\SysTick.c                        0x00000000   Number         0  systick.o ABSOLUTE
    Public\\system.c                         0x00000000   Number         0  system.o ABSOLUTE
    Public\\usart.c                          0x00000000   Number         0  usart.o ABSOLUTE
    Public\system.c                          0x00000000   Number         0  system.o ABSOLUTE
    Public\usart.c                           0x00000000   Number         0  usart.o ABSOLUTE
    User\\main.c                             0x00000000   Number         0  main.o ABSOLUTE
    User\\stm32f1xx_it.c                     0x00000000   Number         0  stm32f1xx_it.o ABSOLUTE
    User\\system_stm32f1xx.c                 0x00000000   Number         0  system_stm32f1xx.o ABSOLUTE
    User\main.c                              0x00000000   Number         0  main.o ABSOLUTE
    User\stm32f1xx_it.c                      0x00000000   Number         0  stm32f1xx_it.o ABSOLUTE
    User\system_stm32f1xx.c                  0x00000000   Number         0  system_stm32f1xx.o ABSOLUTE
    dc.s                                     0x00000000   Number         0  dc.o ABSOLUTE
    handlers.s                               0x00000000   Number         0  handlers.o ABSOLUTE
    init.s                                   0x00000000   Number         0  init.o ABSOLUTE
    RESET                                    0x08000000   Section      304  startup_stm32f103xe.o(RESET)
    .ARM.Collect$$$$00000000                 0x08000130   Section        0  entry.o(.ARM.Collect$$$$00000000)
    .ARM.Collect$$$$00000001                 0x08000130   Section        4  entry2.o(.ARM.Collect$$$$00000001)
    .ARM.Collect$$$$00000004                 0x08000134   Section        4  entry5.o(.ARM.Collect$$$$00000004)
    .ARM.Collect$$$$00000008                 0x08000138   Section        0  entry7b.o(.ARM.Collect$$$$00000008)
    .ARM.Collect$$$$0000000A                 0x08000138   Section        0  entry8b.o(.ARM.Collect$$$$0000000A)
    .ARM.Collect$$$$0000000B                 0x08000138   Section        8  entry9a.o(.ARM.Collect$$$$0000000B)
    .ARM.Collect$$$$0000000D                 0x08000140   Section        0  entry10a.o(.ARM.Collect$$$$0000000D)
    .ARM.Collect$$$$0000000F                 0x08000140   Section        0  entry11a.o(.ARM.Collect$$$$0000000F)
    .ARM.Collect$$$$00002712                 0x08000140   Section        4  entry2.o(.ARM.Collect$$$$00002712)
    __lit__00000000                          0x08000140   Data           4  entry2.o(.ARM.Collect$$$$00002712)
    .text                                    0x08000144   Section       36  startup_stm32f103xe.o(.text)
    .text                                    0x08000168   Section       36  init.o(.text)
    i.BusFault_Handler                       0x0800018c   Section        0  stm32f1xx_it.o(i.BusFault_Handler)
    i.DebugMon_Handler                       0x08000190   Section        0  stm32f1xx_it.o(i.DebugMon_Handler)
    i.EXTI0_IRQHandler                       0x08000192   Section        0  exti.o(i.EXTI0_IRQHandler)
    i.EXTI2_IRQHandler                       0x0800019c   Section        0  exti.o(i.EXTI2_IRQHandler)
    i.EXTI3_IRQHandler                       0x080001a6   Section        0  exti.o(i.EXTI3_IRQHandler)
    i.EXTI4_IRQHandler                       0x080001b0   Section        0  exti.o(i.EXTI4_IRQHandler)
    i.HAL_DMA_Abort_IT                       0x080001bc   Section        0  stm32f1xx_hal_dma.o(i.HAL_DMA_Abort_IT)
    i.HAL_Delay                              0x08000364   Section        0  stm32f1xx_hal.o(i.HAL_Delay)
    i.HAL_GPIO_EXTI_Callback                 0x0800038c   Section        0  exti.o(i.HAL_GPIO_EXTI_Callback)
    i.HAL_GPIO_EXTI_IRQHandler               0x08000414   Section        0  stm32f1xx_hal_gpio.o(i.HAL_GPIO_EXTI_IRQHandler)
    i.HAL_GPIO_Init                          0x08000430   Section        0  stm32f1xx_hal_gpio.o(i.HAL_GPIO_Init)
    i.HAL_GPIO_ReadPin                       0x08000770   Section        0  stm32f1xx_hal_gpio.o(i.HAL_GPIO_ReadPin)
    i.HAL_GPIO_WritePin                      0x08000780   Section        0  stm32f1xx_hal_gpio.o(i.HAL_GPIO_WritePin)
    i.HAL_GetTick                            0x0800078c   Section        0  stm32f1xx_hal.o(i.HAL_GetTick)
    i.HAL_IncTick                            0x08000798   Section        0  stm32f1xx_hal.o(i.HAL_IncTick)
    i.HAL_Init                               0x080007b0   Section        0  stm32f1xx_hal.o(i.HAL_Init)
    i.HAL_InitTick                           0x080007d8   Section        0  stm32f1xx_hal.o(i.HAL_InitTick)
    i.HAL_MspInit                            0x08000824   Section        0  stm32f1xx_hal.o(i.HAL_MspInit)
    i.HAL_NVIC_SetPriority                   0x08000826   Section        0  stm32f1xx_hal_cortex.o(i.HAL_NVIC_SetPriority)
    i.HAL_NVIC_SetPriorityGrouping           0x080008a4   Section        0  stm32f1xx_hal_cortex.o(i.HAL_NVIC_SetPriorityGrouping)
    i.HAL_RCC_ClockConfig                    0x080008cc   Section        0  stm32f1xx_hal_rcc.o(i.HAL_RCC_ClockConfig)
    i.HAL_RCC_GetSysClockFreq                0x08000a58   Section        0  stm32f1xx_hal_rcc.o(i.HAL_RCC_GetSysClockFreq)
    i.HAL_RCC_OscConfig                      0x08000aec   Section        0  stm32f1xx_hal_rcc.o(i.HAL_RCC_OscConfig)
    i.HAL_SYSTICK_CLKSourceConfig            0x08000f50   Section        0  stm32f1xx_hal_cortex.o(i.HAL_SYSTICK_CLKSourceConfig)
    i.HAL_SYSTICK_Config                     0x08000f78   Section        0  stm32f1xx_hal_cortex.o(i.HAL_SYSTICK_Config)
    i.HAL_TIMEx_BreakCallback                0x08000fac   Section        0  stm32f1xx_hal_tim_ex.o(i.HAL_TIMEx_BreakCallback)
    i.HAL_TIMEx_CommutCallback               0x08000fae   Section        0  stm32f1xx_hal_tim_ex.o(i.HAL_TIMEx_CommutCallback)
    i.HAL_TIM_IC_CaptureCallback             0x08000fb0   Section        0  stm32f1xx_hal_tim.o(i.HAL_TIM_IC_CaptureCallback)
    i.HAL_TIM_IRQHandler                     0x08000fb2   Section        0  stm32f1xx_hal_tim.o(i.HAL_TIM_IRQHandler)
    i.HAL_TIM_OC_DelayElapsedCallback        0x08001148   Section        0  stm32f1xx_hal_tim.o(i.HAL_TIM_OC_DelayElapsedCallback)
    i.HAL_TIM_PWM_ConfigChannel              0x0800114a   Section        0  stm32f1xx_hal_tim.o(i.HAL_TIM_PWM_ConfigChannel)
    i.HAL_TIM_PWM_Init                       0x08001252   Section        0  stm32f1xx_hal_tim.o(i.HAL_TIM_PWM_Init)
    i.HAL_TIM_PWM_MspInit                    0x08001288   Section        0  time.o(i.HAL_TIM_PWM_MspInit)
    i.HAL_TIM_PWM_PulseFinishedCallback      0x08001320   Section        0  stm32f1xx_hal_tim.o(i.HAL_TIM_PWM_PulseFinishedCallback)
    i.HAL_TIM_PWM_Start                      0x08001324   Section        0  stm32f1xx_hal_tim.o(i.HAL_TIM_PWM_Start)
    i.HAL_TIM_PeriodElapsedCallback          0x0800137c   Section        0  time.o(i.HAL_TIM_PeriodElapsedCallback)
    i.HAL_TIM_TriggerCallback                0x0800137e   Section        0  stm32f1xx_hal_tim.o(i.HAL_TIM_TriggerCallback)
    i.HAL_UART_ErrorCallback                 0x08001380   Section        0  stm32f1xx_hal_uart.o(i.HAL_UART_ErrorCallback)
    i.HAL_UART_GetState                      0x08001382   Section        0  stm32f1xx_hal_uart.o(i.HAL_UART_GetState)
    i.HAL_UART_IRQHandler                    0x08001398   Section        0  stm32f1xx_hal_uart.o(i.HAL_UART_IRQHandler)
    i.HAL_UART_Receive_IT                    0x080014e4   Section        0  stm32f1xx_hal_uart.o(i.HAL_UART_Receive_IT)
    i.HAL_UART_RxCpltCallback                0x08001554   Section        0  usart.o(i.HAL_UART_RxCpltCallback)
    i.HAL_UART_TxCpltCallback                0x080015dc   Section        0  stm32f1xx_hal_uart.o(i.HAL_UART_TxCpltCallback)
    i.HardFault_Handler                      0x080015de   Section        0  stm32f1xx_it.o(i.HardFault_Handler)
    i.LED_Init                               0x080015e4   Section        0  led.o(i.LED_Init)
    i.MemManage_Handler                      0x08001664   Section        0  stm32f1xx_it.o(i.MemManage_Handler)
    i.NMI_Handler                            0x08001668   Section        0  stm32f1xx_it.o(i.NMI_Handler)
    i.PendSV_Handler                         0x0800166a   Section        0  stm32f1xx_it.o(i.PendSV_Handler)
    i.RCC_Delay                              0x0800166c   Section        0  stm32f1xx_hal_rcc.o(i.RCC_Delay)
    RCC_Delay                                0x0800166d   Thumb Code    36  stm32f1xx_hal_rcc.o(i.RCC_Delay)
    i.SVC_Handler                            0x08001694   Section        0  stm32f1xx_it.o(i.SVC_Handler)
    i.SysTick_Handler                        0x08001696   Section        0  stm32f1xx_it.o(i.SysTick_Handler)
    i.SysTick_Init                           0x080016a0   Section        0  systick.o(i.SysTick_Init)
    i.SystemClock_Init                       0x080016b4   Section        0  system.o(i.SystemClock_Init)
    i.SystemInit                             0x0800170c   Section        0  system_stm32f1xx.o(i.SystemInit)
    i.TIM2_IRQHandler                        0x08001764   Section        0  time.o(i.TIM2_IRQHandler)
    i.TIM3_CH2_PWM_Init                      0x08001774   Section        0  time.o(i.TIM3_CH2_PWM_Init)
    i.TIM3_SetCompare2                       0x080017bc   Section        0  time.o(i.TIM3_SetCompare2)
    i.TIM4_IRQHandler                        0x080017c8   Section        0  time.o(i.TIM4_IRQHandler)
    i.TIM5_IRQHandler                        0x080017d8   Section        0  time.o(i.TIM5_IRQHandler)
    i.TIM6_IRQHandler                        0x080017e8   Section        0  time.o(i.TIM6_IRQHandler)
    i.TIM7_IRQHandler                        0x080017f8   Section        0  time.o(i.TIM7_IRQHandler)
    i.TIM_Base_SetConfig                     0x08001808   Section        0  stm32f1xx_hal_tim.o(i.TIM_Base_SetConfig)
    i.TIM_CCxChannelCmd                      0x080018a4   Section        0  stm32f1xx_hal_tim.o(i.TIM_CCxChannelCmd)
    i.TIM_OC1_SetConfig                      0x080018c8   Section        0  stm32f1xx_hal_tim.o(i.TIM_OC1_SetConfig)
    TIM_OC1_SetConfig                        0x080018c9   Thumb Code   104  stm32f1xx_hal_tim.o(i.TIM_OC1_SetConfig)
    i.TIM_OC2_SetConfig                      0x08001938   Section        0  stm32f1xx_hal_tim.o(i.TIM_OC2_SetConfig)
    i.TIM_OC3_SetConfig                      0x080019b4   Section        0  stm32f1xx_hal_tim.o(i.TIM_OC3_SetConfig)
    TIM_OC3_SetConfig                        0x080019b5   Thumb Code   112  stm32f1xx_hal_tim.o(i.TIM_OC3_SetConfig)
    i.TIM_OC4_SetConfig                      0x08001a2c   Section        0  stm32f1xx_hal_tim.o(i.TIM_OC4_SetConfig)
    TIM_OC4_SetConfig                        0x08001a2d   Thumb Code    74  stm32f1xx_hal_tim.o(i.TIM_OC4_SetConfig)
    i.UART_DMAAbortOnError                   0x08001a80   Section        0  stm32f1xx_hal_uart.o(i.UART_DMAAbortOnError)
    UART_DMAAbortOnError                     0x08001a81   Thumb Code    20  stm32f1xx_hal_uart.o(i.UART_DMAAbortOnError)
    i.UART_EndRxTransfer                     0x08001a94   Section        0  stm32f1xx_hal_uart.o(i.UART_EndRxTransfer)
    UART_EndRxTransfer                       0x08001a95   Thumb Code    32  stm32f1xx_hal_uart.o(i.UART_EndRxTransfer)
    i.UART_EndTransmit_IT                    0x08001ab4   Section        0  stm32f1xx_hal_uart.o(i.UART_EndTransmit_IT)
    UART_EndTransmit_IT                      0x08001ab5   Thumb Code    32  stm32f1xx_hal_uart.o(i.UART_EndTransmit_IT)
    i.UART_Receive_IT                        0x08001ad4   Section        0  stm32f1xx_hal_uart.o(i.UART_Receive_IT)
    UART_Receive_IT                          0x08001ad5   Thumb Code   166  stm32f1xx_hal_uart.o(i.UART_Receive_IT)
    i.UART_Transmit_IT                       0x08001b7a   Section        0  stm32f1xx_hal_uart.o(i.UART_Transmit_IT)
    UART_Transmit_IT                         0x08001b7b   Thumb Code   104  stm32f1xx_hal_uart.o(i.UART_Transmit_IT)
    i.USART1_IRQHandler                      0x08001be4   Section        0  usart.o(i.USART1_IRQHandler)
    i.UsageFault_Handler                     0x08001c24   Section        0  stm32f1xx_it.o(i.UsageFault_Handler)
    i.__NVIC_GetPriorityGrouping             0x08001c28   Section        0  stm32f1xx_hal_cortex.o(i.__NVIC_GetPriorityGrouping)
    __NVIC_GetPriorityGrouping               0x08001c29   Thumb Code    10  stm32f1xx_hal_cortex.o(i.__NVIC_GetPriorityGrouping)
    i.__NVIC_SetPriority                     0x08001c38   Section        0  stm32f1xx_hal_cortex.o(i.__NVIC_SetPriority)
    __NVIC_SetPriority                       0x08001c39   Thumb Code    32  stm32f1xx_hal_cortex.o(i.__NVIC_SetPriority)
    i.__scatterload_copy                     0x08001c60   Section       14  handlers.o(i.__scatterload_copy)
    i.__scatterload_null                     0x08001c6e   Section        2  handlers.o(i.__scatterload_null)
    i.__scatterload_zeroinit                 0x08001c70   Section       14  handlers.o(i.__scatterload_zeroinit)
    i.delay_ms                               0x08001c7e   Section        0  systick.o(i.delay_ms)
    i.delay_us                               0x08001c98   Section        0  systick.o(i.delay_us)
    i.main                                   0x08001ce0   Section        0  main.o(i.main)
    .constdata                               0x08001d2c   Section       24  system_stm32f1xx.o(.constdata)
    .data                                    0x20000000   Section        4  system_stm32f1xx.o(.data)
    .data                                    0x20000004   Section        9  stm32f1xx_hal.o(.data)
    .data                                    0x20000010   Section        4  systick.o(.data)
    fac_us                                   0x20000010   Data           4  systick.o(.data)
    .data                                    0x20000014   Section        3  usart.o(.data)
    .bss                                     0x20000018   Section      412  time.o(.bss)
    .bss                                     0x200001b4   Section      264  usart.o(.bss)
    STACK                                    0x200002c0   Section     1024  startup_stm32f103xe.o(STACK)

    Global Symbols

    Symbol Name                              Value     Ov Type        Size  Object(Section)

    BuildAttributes$$THM_ISAv4$P$D$K$B$S$PE$A:L22UL41UL21$X:L11$S22US41US21$IEEE1$IW$USESV6$~STKCKD$USESV7$~SHL$OSPACE$EBA8$MICROLIB$REQ8$PRES8$EABIv2 0x00000000   Number         0  anon$$obj.o ABSOLUTE
    __ARM_use_no_argv                        0x00000000   Number         0  main.o ABSOLUTE
    __cpp_initialize__aeabi_                  - Undefined Weak Reference
    __cxa_finalize                            - Undefined Weak Reference
    __decompress                              - Undefined Weak Reference
    _clock_init                               - Undefined Weak Reference
    _microlib_exit                            - Undefined Weak Reference
    __Vectors_Size                           0x00000130   Number         0  startup_stm32f103xe.o ABSOLUTE
    __Vectors                                0x08000000   Data           4  startup_stm32f103xe.o(RESET)
    __Vectors_End                            0x08000130   Data           0  startup_stm32f103xe.o(RESET)
    __main                                   0x08000131   Thumb Code     0  entry.o(.ARM.Collect$$$$00000000)
    _main_stk                                0x08000131   Thumb Code     0  entry2.o(.ARM.Collect$$$$00000001)
    _main_scatterload                        0x08000135   Thumb Code     0  entry5.o(.ARM.Collect$$$$00000004)
    __main_after_scatterload                 0x08000139   Thumb Code     0  entry5.o(.ARM.Collect$$$$00000004)
    _main_clock                              0x08000139   Thumb Code     0  entry7b.o(.ARM.Collect$$$$00000008)
    _main_cpp_init                           0x08000139   Thumb Code     0  entry8b.o(.ARM.Collect$$$$0000000A)
    _main_init                               0x08000139   Thumb Code     0  entry9a.o(.ARM.Collect$$$$0000000B)
    __rt_final_cpp                           0x08000141   Thumb Code     0  entry10a.o(.ARM.Collect$$$$0000000D)
    __rt_final_exit                          0x08000141   Thumb Code     0  entry11a.o(.ARM.Collect$$$$0000000F)
    Reset_Handler                            0x08000145   Thumb Code     8  startup_stm32f103xe.o(.text)
    ADC1_2_IRQHandler                        0x0800015f   Thumb Code     0  startup_stm32f103xe.o(.text)
    ADC3_IRQHandler                          0x0800015f   Thumb Code     0  startup_stm32f103xe.o(.text)
    CAN1_RX1_IRQHandler                      0x0800015f   Thumb Code     0  startup_stm32f103xe.o(.text)
    CAN1_SCE_IRQHandler                      0x0800015f   Thumb Code     0  startup_stm32f103xe.o(.text)
    DMA1_Channel1_IRQHandler                 0x0800015f   Thumb Code     0  startup_stm32f103xe.o(.text)
    DMA1_Channel2_IRQHandler                 0x0800015f   Thumb Code     0  startup_stm32f103xe.o(.text)
    DMA1_Channel3_IRQHandler                 0x0800015f   Thumb Code     0  startup_stm32f103xe.o(.text)
    DMA1_Channel4_IRQHandler                 0x0800015f   Thumb Code     0  startup_stm32f103xe.o(.text)
    DMA1_Channel5_IRQHandler                 0x0800015f   Thumb Code     0  startup_stm32f103xe.o(.text)
    DMA1_Channel6_IRQHandler                 0x0800015f   Thumb Code     0  startup_stm32f103xe.o(.text)
    DMA1_Channel7_IRQHandler                 0x0800015f   Thumb Code     0  startup_stm32f103xe.o(.text)
    DMA2_Channel1_IRQHandler                 0x0800015f   Thumb Code     0  startup_stm32f103xe.o(.text)
    DMA2_Channel2_IRQHandler                 0x0800015f   Thumb Code     0  startup_stm32f103xe.o(.text)
    DMA2_Channel3_IRQHandler                 0x0800015f   Thumb Code     0  startup_stm32f103xe.o(.text)
    DMA2_Channel4_5_IRQHandler               0x0800015f   Thumb Code     0  startup_stm32f103xe.o(.text)
    EXTI15_10_IRQHandler                     0x0800015f   Thumb Code     0  startup_stm32f103xe.o(.text)
    EXTI1_IRQHandler                         0x0800015f   Thumb Code     0  startup_stm32f103xe.o(.text)
    EXTI9_5_IRQHandler                       0x0800015f   Thumb Code     0  startup_stm32f103xe.o(.text)
    FLASH_IRQHandler                         0x0800015f   Thumb Code     0  startup_stm32f103xe.o(.text)
    FSMC_IRQHandler                          0x0800015f   Thumb Code     0  startup_stm32f103xe.o(.text)
    I2C1_ER_IRQHandler                       0x0800015f   Thumb Code     0  startup_stm32f103xe.o(.text)
    I2C1_EV_IRQHandler                       0x0800015f   Thumb Code     0  startup_stm32f103xe.o(.text)
    I2C2_ER_IRQHandler                       0x0800015f   Thumb Code     0  startup_stm32f103xe.o(.text)
    I2C2_EV_IRQHandler                       0x0800015f   Thumb Code     0  startup_stm32f103xe.o(.text)
    PVD_IRQHandler                           0x0800015f   Thumb Code     0  startup_stm32f103xe.o(.text)
    RCC_IRQHandler                           0x0800015f   Thumb Code     0  startup_stm32f103xe.o(.text)
    RTC_Alarm_IRQHandler                     0x0800015f   Thumb Code     0  startup_stm32f103xe.o(.text)
    RTC_IRQHandler                           0x0800015f   Thumb Code     0  startup_stm32f103xe.o(.text)
    SDIO_IRQHandler                          0x0800015f   Thumb Code     0  startup_stm32f103xe.o(.text)
    SPI1_IRQHandler                          0x0800015f   Thumb Code     0  startup_stm32f103xe.o(.text)
    SPI2_IRQHandler                          0x0800015f   Thumb Code     0  startup_stm32f103xe.o(.text)
    SPI3_IRQHandler                          0x0800015f   Thumb Code     0  startup_stm32f103xe.o(.text)
    TAMPER_IRQHandler                        0x0800015f   Thumb Code     0  startup_stm32f103xe.o(.text)
    TIM1_BRK_IRQHandler                      0x0800015f   Thumb Code     0  startup_stm32f103xe.o(.text)
    TIM1_CC_IRQHandler                       0x0800015f   Thumb Code     0  startup_stm32f103xe.o(.text)
    TIM1_TRG_COM_IRQHandler                  0x0800015f   Thumb Code     0  startup_stm32f103xe.o(.text)
    TIM1_UP_IRQHandler                       0x0800015f   Thumb Code     0  startup_stm32f103xe.o(.text)
    TIM3_IRQHandler                          0x0800015f   Thumb Code     0  startup_stm32f103xe.o(.text)
    TIM8_BRK_IRQHandler                      0x0800015f   Thumb Code     0  startup_stm32f103xe.o(.text)
    TIM8_CC_IRQHandler                       0x0800015f   Thumb Code     0  startup_stm32f103xe.o(.text)
    TIM8_TRG_COM_IRQHandler                  0x0800015f   Thumb Code     0  startup_stm32f103xe.o(.text)
    TIM8_UP_IRQHandler                       0x0800015f   Thumb Code     0  startup_stm32f103xe.o(.text)
    UART4_IRQHandler                         0x0800015f   Thumb Code     0  startup_stm32f103xe.o(.text)
    UART5_IRQHandler                         0x0800015f   Thumb Code     0  startup_stm32f103xe.o(.text)
    USART2_IRQHandler                        0x0800015f   Thumb Code     0  startup_stm32f103xe.o(.text)
    USART3_IRQHandler                        0x0800015f   Thumb Code     0  startup_stm32f103xe.o(.text)
    USBWakeUp_IRQHandler                     0x0800015f   Thumb Code     0  startup_stm32f103xe.o(.text)
    USB_HP_CAN1_TX_IRQHandler                0x0800015f   Thumb Code     0  startup_stm32f103xe.o(.text)
    USB_LP_CAN1_RX0_IRQHandler               0x0800015f   Thumb Code     0  startup_stm32f103xe.o(.text)
    WWDG_IRQHandler                          0x0800015f   Thumb Code     0  startup_stm32f103xe.o(.text)
    __scatterload                            0x08000169   Thumb Code    28  init.o(.text)
    __scatterload_rt2                        0x08000169   Thumb Code     0  init.o(.text)
    BusFault_Handler                         0x0800018d   Thumb Code     4  stm32f1xx_it.o(i.BusFault_Handler)
    DebugMon_Handler                         0x08000191   Thumb Code     2  stm32f1xx_it.o(i.DebugMon_Handler)
    EXTI0_IRQHandler                         0x08000193   Thumb Code    10  exti.o(i.EXTI0_IRQHandler)
    EXTI2_IRQHandler                         0x0800019d   Thumb Code    10  exti.o(i.EXTI2_IRQHandler)
    EXTI3_IRQHandler                         0x080001a7   Thumb Code    10  exti.o(i.EXTI3_IRQHandler)
    EXTI4_IRQHandler                         0x080001b1   Thumb Code    10  exti.o(i.EXTI4_IRQHandler)
    HAL_DMA_Abort_IT                         0x080001bd   Thumb Code   414  stm32f1xx_hal_dma.o(i.HAL_DMA_Abort_IT)
    HAL_Delay                                0x08000365   Thumb Code    36  stm32f1xx_hal.o(i.HAL_Delay)
    HAL_GPIO_EXTI_Callback                   0x0800038d   Thumb Code   122  exti.o(i.HAL_GPIO_EXTI_Callback)
    HAL_GPIO_EXTI_IRQHandler                 0x08000415   Thumb Code    24  stm32f1xx_hal_gpio.o(i.HAL_GPIO_EXTI_IRQHandler)
    HAL_GPIO_Init                            0x08000431   Thumb Code   792  stm32f1xx_hal_gpio.o(i.HAL_GPIO_Init)
    HAL_GPIO_ReadPin                         0x08000771   Thumb Code    16  stm32f1xx_hal_gpio.o(i.HAL_GPIO_ReadPin)
    HAL_GPIO_WritePin                        0x08000781   Thumb Code    12  stm32f1xx_hal_gpio.o(i.HAL_GPIO_WritePin)
    HAL_GetTick                              0x0800078d   Thumb Code     6  stm32f1xx_hal.o(i.HAL_GetTick)
    HAL_IncTick                              0x08000799   Thumb Code    16  stm32f1xx_hal.o(i.HAL_IncTick)
    HAL_Init                                 0x080007b1   Thumb Code    34  stm32f1xx_hal.o(i.HAL_Init)
    HAL_InitTick                             0x080007d9   Thumb Code    64  stm32f1xx_hal.o(i.HAL_InitTick)
    HAL_MspInit                              0x08000825   Thumb Code     2  stm32f1xx_hal.o(i.HAL_MspInit)
    HAL_NVIC_SetPriority                     0x08000827   Thumb Code   124  stm32f1xx_hal_cortex.o(i.HAL_NVIC_SetPriority)
    HAL_NVIC_SetPriorityGrouping             0x080008a5   Thumb Code    32  stm32f1xx_hal_cortex.o(i.HAL_NVIC_SetPriorityGrouping)
    HAL_RCC_ClockConfig                      0x080008cd   Thumb Code   376  stm32f1xx_hal_rcc.o(i.HAL_RCC_ClockConfig)
    HAL_RCC_GetSysClockFreq                  0x08000a59   Thumb Code   116  stm32f1xx_hal_rcc.o(i.HAL_RCC_GetSysClockFreq)
    HAL_RCC_OscConfig                        0x08000aed   Thumb Code  1114  stm32f1xx_hal_rcc.o(i.HAL_RCC_OscConfig)
    HAL_SYSTICK_CLKSourceConfig              0x08000f51   Thumb Code    40  stm32f1xx_hal_cortex.o(i.HAL_SYSTICK_CLKSourceConfig)
    HAL_SYSTICK_Config                       0x08000f79   Thumb Code    52  stm32f1xx_hal_cortex.o(i.HAL_SYSTICK_Config)
    HAL_TIMEx_BreakCallback                  0x08000fad   Thumb Code     2  stm32f1xx_hal_tim_ex.o(i.HAL_TIMEx_BreakCallback)
    HAL_TIMEx_CommutCallback                 0x08000faf   Thumb Code     2  stm32f1xx_hal_tim_ex.o(i.HAL_TIMEx_CommutCallback)
    HAL_TIM_IC_CaptureCallback               0x08000fb1   Thumb Code     2  stm32f1xx_hal_tim.o(i.HAL_TIM_IC_CaptureCallback)
    HAL_TIM_IRQHandler                       0x08000fb3   Thumb Code   406  stm32f1xx_hal_tim.o(i.HAL_TIM_IRQHandler)
    HAL_TIM_OC_DelayElapsedCallback          0x08001149   Thumb Code     2  stm32f1xx_hal_tim.o(i.HAL_TIM_OC_DelayElapsedCallback)
    HAL_TIM_PWM_ConfigChannel                0x0800114b   Thumb Code   264  stm32f1xx_hal_tim.o(i.HAL_TIM_PWM_ConfigChannel)
    HAL_TIM_PWM_Init                         0x08001253   Thumb Code    52  stm32f1xx_hal_tim.o(i.HAL_TIM_PWM_Init)
    HAL_TIM_PWM_MspInit                      0x08001289   Thumb Code   138  time.o(i.HAL_TIM_PWM_MspInit)
    HAL_TIM_PWM_PulseFinishedCallback        0x08001321   Thumb Code     2  stm32f1xx_hal_tim.o(i.HAL_TIM_PWM_PulseFinishedCallback)
    HAL_TIM_PWM_Start                        0x08001325   Thumb Code    80  stm32f1xx_hal_tim.o(i.HAL_TIM_PWM_Start)
    HAL_TIM_PeriodElapsedCallback            0x0800137d   Thumb Code     2  time.o(i.HAL_TIM_PeriodElapsedCallback)
    HAL_TIM_TriggerCallback                  0x0800137f   Thumb Code     2  stm32f1xx_hal_tim.o(i.HAL_TIM_TriggerCallback)
    HAL_UART_ErrorCallback                   0x08001381   Thumb Code     2  stm32f1xx_hal_uart.o(i.HAL_UART_ErrorCallback)
    HAL_UART_GetState                        0x08001383   Thumb Code    20  stm32f1xx_hal_uart.o(i.HAL_UART_GetState)
    HAL_UART_IRQHandler                      0x08001399   Thumb Code   326  stm32f1xx_hal_uart.o(i.HAL_UART_IRQHandler)
    HAL_UART_Receive_IT                      0x080014e5   Thumb Code   112  stm32f1xx_hal_uart.o(i.HAL_UART_Receive_IT)
    HAL_UART_RxCpltCallback                  0x08001555   Thumb Code   120  usart.o(i.HAL_UART_RxCpltCallback)
    HAL_UART_TxCpltCallback                  0x080015dd   Thumb Code     2  stm32f1xx_hal_uart.o(i.HAL_UART_TxCpltCallback)
    HardFault_Handler                        0x080015df   Thumb Code     4  stm32f1xx_it.o(i.HardFault_Handler)
    LED_Init                                 0x080015e5   Thumb Code   116  led.o(i.LED_Init)
    MemManage_Handler                        0x08001665   Thumb Code     4  stm32f1xx_it.o(i.MemManage_Handler)
    NMI_Handler                              0x08001669   Thumb Code     2  stm32f1xx_it.o(i.NMI_Handler)
    PendSV_Handler                           0x0800166b   Thumb Code     2  stm32f1xx_it.o(i.PendSV_Handler)
    SVC_Handler                              0x08001695   Thumb Code     2  stm32f1xx_it.o(i.SVC_Handler)
    SysTick_Handler                          0x08001697   Thumb Code     8  stm32f1xx_it.o(i.SysTick_Handler)
    SysTick_Init                             0x080016a1   Thumb Code    16  systick.o(i.SysTick_Init)
    SystemClock_Init                         0x080016b5   Thumb Code    86  system.o(i.SystemClock_Init)
    SystemInit                               0x0800170d   Thumb Code    70  system_stm32f1xx.o(i.SystemInit)
    TIM2_IRQHandler                          0x08001765   Thumb Code    10  time.o(i.TIM2_IRQHandler)
    TIM3_CH2_PWM_Init                        0x08001775   Thumb Code    68  time.o(i.TIM3_CH2_PWM_Init)
    TIM3_SetCompare2                         0x080017bd   Thumb Code     6  time.o(i.TIM3_SetCompare2)
    TIM4_IRQHandler                          0x080017c9   Thumb Code    10  time.o(i.TIM4_IRQHandler)
    TIM5_IRQHandler                          0x080017d9   Thumb Code    10  time.o(i.TIM5_IRQHandler)
    TIM6_IRQHandler                          0x080017e9   Thumb Code    10  time.o(i.TIM6_IRQHandler)
    TIM7_IRQHandler                          0x080017f9   Thumb Code    10  time.o(i.TIM7_IRQHandler)
    TIM_Base_SetConfig                       0x08001809   Thumb Code   134  stm32f1xx_hal_tim.o(i.TIM_Base_SetConfig)
    TIM_CCxChannelCmd                        0x080018a5   Thumb Code    34  stm32f1xx_hal_tim.o(i.TIM_CCxChannelCmd)
    TIM_OC2_SetConfig                        0x08001939   Thumb Code   114  stm32f1xx_hal_tim.o(i.TIM_OC2_SetConfig)
    USART1_IRQHandler                        0x08001be5   Thumb Code    56  usart.o(i.USART1_IRQHandler)
    UsageFault_Handler                       0x08001c25   Thumb Code     4  stm32f1xx_it.o(i.UsageFault_Handler)
    __scatterload_copy                       0x08001c61   Thumb Code    14  handlers.o(i.__scatterload_copy)
    __scatterload_null                       0x08001c6f   Thumb Code     2  handlers.o(i.__scatterload_null)
    __scatterload_zeroinit                   0x08001c71   Thumb Code    14  handlers.o(i.__scatterload_zeroinit)
    delay_ms                                 0x08001c7f   Thumb Code    24  systick.o(i.delay_ms)
    delay_us                                 0x08001c99   Thumb Code    68  systick.o(i.delay_us)
    main                                     0x08001ce1   Thumb Code    76  main.o(i.main)
    AHBPrescTable                            0x08001d2c   Data          16  system_stm32f1xx.o(.constdata)
    APBPrescTable                            0x08001d3c   Data           8  system_stm32f1xx.o(.constdata)
    Region$$Table$$Base                      0x08001d44   Number         0  anon$$obj.o(Region$$Table)
    Region$$Table$$Limit                     0x08001d64   Number         0  anon$$obj.o(Region$$Table)
    SystemCoreClock                          0x20000000   Data           4  system_stm32f1xx.o(.data)
    uwTick                                   0x20000004   Data           4  stm32f1xx_hal.o(.data)
    uwTickPrio                               0x20000008   Data           4  stm32f1xx_hal.o(.data)
    uwTickFreq                               0x2000000c   Data           1  stm32f1xx_hal.o(.data)
    USART1_RX_STA                            0x20000014   Data           2  usart.o(.data)
    aRxBuffer                                0x20000016   Data           1  usart.o(.data)
    TIM2_Handler                             0x20000018   Data          64  time.o(.bss)
    TIM3_Handler                             0x20000058   Data          64  time.o(.bss)
    TIM3_CH2Handler                          0x20000098   Data          28  time.o(.bss)
    TIM4_Handler                             0x200000b4   Data          64  time.o(.bss)
    TIM5_Handler                             0x200000f4   Data          64  time.o(.bss)
    TIM6_Handler                             0x20000134   Data          64  time.o(.bss)
    TIM7_Handler                             0x20000174   Data          64  time.o(.bss)
    UART1_Handler                            0x200001b4   Data          64  usart.o(.bss)
    USART1_RX_BUF                            0x200001f4   Data         200  usart.o(.bss)
    __initial_sp                             0x200006c0   Data           0  startup_stm32f103xe.o(STACK)



==============================================================================

Memory Map of the image

  Image Entry point : 0x08000131

  Load Region LR_IROM1 (Base: 0x08000000, Size: 0x00001d7c, Max: 0x00080000, ABSOLUTE)

    Execution Region ER_IROM1 (Exec base: 0x08000000, Load base: 0x08000000, Size: 0x00001d64, Max: 0x00080000, ABSOLUTE)

    Exec Addr    Load Addr    Size         Type   Attr      Idx    E Section Name        Object

    0x08000000   0x08000000   0x00000130   Data   RO          424    RESET               startup_stm32f103xe.o
    0x08000130   0x08000130   0x00000000   Code   RO         3150  * .ARM.Collect$$$$00000000  mc_w.l(entry.o)
    0x08000130   0x08000130   0x00000004   Code   RO         3153    .ARM.Collect$$$$00000001  mc_w.l(entry2.o)
    0x08000134   0x08000134   0x00000004   Code   RO         3156    .ARM.Collect$$$$00000004  mc_w.l(entry5.o)
    0x08000138   0x08000138   0x00000000   Code   RO         3158    .ARM.Collect$$$$00000008  mc_w.l(entry7b.o)
    0x08000138   0x08000138   0x00000000   Code   RO         3160    .ARM.Collect$$$$0000000A  mc_w.l(entry8b.o)
    0x08000138   0x08000138   0x00000008   Code   RO         3161    .ARM.Collect$$$$0000000B  mc_w.l(entry9a.o)
    0x08000140   0x08000140   0x00000000   Code   RO         3163    .ARM.Collect$$$$0000000D  mc_w.l(entry10a.o)
    0x08000140   0x08000140   0x00000000   Code   RO         3165    .ARM.Collect$$$$0000000F  mc_w.l(entry11a.o)
    0x08000140   0x08000140   0x00000004   Code   RO         3154    .ARM.Collect$$$$00002712  mc_w.l(entry2.o)
    0x08000144   0x08000144   0x00000024   Code   RO          425    .text               startup_stm32f103xe.o
    0x08000168   0x08000168   0x00000024   Code   RO         3167    .text               mc_w.l(init.o)
    0x0800018c   0x0800018c   0x00000004   Code   RO          228    i.BusFault_Handler  stm32f1xx_it.o
    0x08000190   0x08000190   0x00000002   Code   RO          229    i.DebugMon_Handler  stm32f1xx_it.o
    0x08000192   0x08000192   0x0000000a   Code   RO         2855    i.EXTI0_IRQHandler  exti.o
    0x0800019c   0x0800019c   0x0000000a   Code   RO         2856    i.EXTI2_IRQHandler  exti.o
    0x080001a6   0x080001a6   0x0000000a   Code   RO         2857    i.EXTI3_IRQHandler  exti.o
    0x080001b0   0x080001b0   0x0000000a   Code   RO         2858    i.EXTI4_IRQHandler  exti.o
    0x080001ba   0x080001ba   0x00000002   PAD
    0x080001bc   0x080001bc   0x000001a8   Code   RO         2111    i.HAL_DMA_Abort_IT  stm32f1xx_hal_dma.o
    0x08000364   0x08000364   0x00000028   Code   RO          439    i.HAL_Delay         stm32f1xx_hal.o
    0x0800038c   0x0800038c   0x00000088   Code   RO         2860    i.HAL_GPIO_EXTI_Callback  exti.o
    0x08000414   0x08000414   0x0000001c   Code   RO          730    i.HAL_GPIO_EXTI_IRQHandler  stm32f1xx_hal_gpio.o
    0x08000430   0x08000430   0x00000340   Code   RO          731    i.HAL_GPIO_Init     stm32f1xx_hal_gpio.o
    0x08000770   0x08000770   0x00000010   Code   RO          733    i.HAL_GPIO_ReadPin  stm32f1xx_hal_gpio.o
    0x08000780   0x08000780   0x0000000c   Code   RO          735    i.HAL_GPIO_WritePin  stm32f1xx_hal_gpio.o
    0x0800078c   0x0800078c   0x0000000c   Code   RO          443    i.HAL_GetTick       stm32f1xx_hal.o
    0x08000798   0x08000798   0x00000018   Code   RO          449    i.HAL_IncTick       stm32f1xx_hal.o
    0x080007b0   0x080007b0   0x00000028   Code   RO          450    i.HAL_Init          stm32f1xx_hal.o
    0x080007d8   0x080007d8   0x0000004c   Code   RO          451    i.HAL_InitTick      stm32f1xx_hal.o
    0x08000824   0x08000824   0x00000002   Code   RO          453    i.HAL_MspInit       stm32f1xx_hal.o
    0x08000826   0x08000826   0x0000007c   Code   RO          614    i.HAL_NVIC_SetPriority  stm32f1xx_hal_cortex.o
    0x080008a2   0x080008a2   0x00000002   PAD
    0x080008a4   0x080008a4   0x00000028   Code   RO          615    i.HAL_NVIC_SetPriorityGrouping  stm32f1xx_hal_cortex.o
    0x080008cc   0x080008cc   0x0000018c   Code   RO          956    i.HAL_RCC_ClockConfig  stm32f1xx_hal_rcc.o
    0x08000a58   0x08000a58   0x00000094   Code   RO          965    i.HAL_RCC_GetSysClockFreq  stm32f1xx_hal_rcc.o
    0x08000aec   0x08000aec   0x00000464   Code   RO          968    i.HAL_RCC_OscConfig  stm32f1xx_hal_rcc.o
    0x08000f50   0x08000f50   0x00000028   Code   RO          617    i.HAL_SYSTICK_CLKSourceConfig  stm32f1xx_hal_cortex.o
    0x08000f78   0x08000f78   0x00000034   Code   RO          619    i.HAL_SYSTICK_Config  stm32f1xx_hal_cortex.o
    0x08000fac   0x08000fac   0x00000002   Code   RO         1858    i.HAL_TIMEx_BreakCallback  stm32f1xx_hal_tim_ex.o
    0x08000fae   0x08000fae   0x00000002   Code   RO         1859    i.HAL_TIMEx_CommutCallback  stm32f1xx_hal_tim_ex.o
    0x08000fb0   0x08000fb0   0x00000002   Code   RO         1201    i.HAL_TIM_IC_CaptureCallback  stm32f1xx_hal_tim.o
    0x08000fb2   0x08000fb2   0x00000196   Code   RO         1215    i.HAL_TIM_IRQHandler  stm32f1xx_hal_tim.o
    0x08001148   0x08001148   0x00000002   Code   RO         1218    i.HAL_TIM_OC_DelayElapsedCallback  stm32f1xx_hal_tim.o
    0x0800114a   0x0800114a   0x00000108   Code   RO         1239    i.HAL_TIM_PWM_ConfigChannel  stm32f1xx_hal_tim.o
    0x08001252   0x08001252   0x00000034   Code   RO         1242    i.HAL_TIM_PWM_Init  stm32f1xx_hal_tim.o
    0x08001286   0x08001286   0x00000002   PAD
    0x08001288   0x08001288   0x00000098   Code   RO         2913    i.HAL_TIM_PWM_MspInit  time.o
    0x08001320   0x08001320   0x00000002   Code   RO         1245    i.HAL_TIM_PWM_PulseFinishedCallback  stm32f1xx_hal_tim.o
    0x08001322   0x08001322   0x00000002   PAD
    0x08001324   0x08001324   0x00000058   Code   RO         1247    i.HAL_TIM_PWM_Start  stm32f1xx_hal_tim.o
    0x0800137c   0x0800137c   0x00000002   Code   RO         2914    i.HAL_TIM_PeriodElapsedCallback  time.o
    0x0800137e   0x0800137e   0x00000002   Code   RO         1258    i.HAL_TIM_TriggerCallback  stm32f1xx_hal_tim.o
    0x08001380   0x08001380   0x00000002   Code   RO         2491    i.HAL_UART_ErrorCallback  stm32f1xx_hal_uart.o
    0x08001382   0x08001382   0x00000014   Code   RO         2493    i.HAL_UART_GetState  stm32f1xx_hal_uart.o
    0x08001396   0x08001396   0x00000002   PAD
    0x08001398   0x08001398   0x0000014c   Code   RO         2494    i.HAL_UART_IRQHandler  stm32f1xx_hal_uart.o
    0x080014e4   0x080014e4   0x00000070   Code   RO         2500    i.HAL_UART_Receive_IT  stm32f1xx_hal_uart.o
    0x08001554   0x08001554   0x00000088   Code   RO         3095    i.HAL_UART_RxCpltCallback  usart.o
    0x080015dc   0x080015dc   0x00000002   Code   RO         2506    i.HAL_UART_TxCpltCallback  stm32f1xx_hal_uart.o
    0x080015de   0x080015de   0x00000004   Code   RO          230    i.HardFault_Handler  stm32f1xx_it.o
    0x080015e2   0x080015e2   0x00000002   PAD
    0x080015e4   0x080015e4   0x00000080   Code   RO         2801    i.LED_Init          led.o
    0x08001664   0x08001664   0x00000004   Code   RO          231    i.MemManage_Handler  stm32f1xx_it.o
    0x08001668   0x08001668   0x00000002   Code   RO          232    i.NMI_Handler       stm32f1xx_it.o
    0x0800166a   0x0800166a   0x00000002   Code   RO          233    i.PendSV_Handler    stm32f1xx_it.o
    0x0800166c   0x0800166c   0x00000028   Code   RO          969    i.RCC_Delay         stm32f1xx_hal_rcc.o
    0x08001694   0x08001694   0x00000002   Code   RO          234    i.SVC_Handler       stm32f1xx_it.o
    0x08001696   0x08001696   0x00000008   Code   RO          235    i.SysTick_Handler   stm32f1xx_it.o
    0x0800169e   0x0800169e   0x00000002   PAD
    0x080016a0   0x080016a0   0x00000014   Code   RO         3053    i.SysTick_Init      systick.o
    0x080016b4   0x080016b4   0x00000056   Code   RO         3026    i.SystemClock_Init  system.o
    0x0800170a   0x0800170a   0x00000002   PAD
    0x0800170c   0x0800170c   0x00000058   Code   RO          307    i.SystemInit        system_stm32f1xx.o
    0x08001764   0x08001764   0x00000010   Code   RO         2915    i.TIM2_IRQHandler   time.o
    0x08001774   0x08001774   0x00000048   Code   RO         2917    i.TIM3_CH2_PWM_Init  time.o
    0x080017bc   0x080017bc   0x0000000c   Code   RO         2918    i.TIM3_SetCompare2  time.o
    0x080017c8   0x080017c8   0x00000010   Code   RO         2919    i.TIM4_IRQHandler   time.o
    0x080017d8   0x080017d8   0x00000010   Code   RO         2921    i.TIM5_IRQHandler   time.o
    0x080017e8   0x080017e8   0x00000010   Code   RO         2923    i.TIM6_IRQHandler   time.o
    0x080017f8   0x080017f8   0x00000010   Code   RO         2925    i.TIM7_IRQHandler   time.o
    0x08001808   0x08001808   0x0000009c   Code   RO         1260    i.TIM_Base_SetConfig  stm32f1xx_hal_tim.o
    0x080018a4   0x080018a4   0x00000022   Code   RO         1261    i.TIM_CCxChannelCmd  stm32f1xx_hal_tim.o
    0x080018c6   0x080018c6   0x00000002   PAD
    0x080018c8   0x080018c8   0x00000070   Code   RO         1273    i.TIM_OC1_SetConfig  stm32f1xx_hal_tim.o
    0x08001938   0x08001938   0x0000007c   Code   RO         1274    i.TIM_OC2_SetConfig  stm32f1xx_hal_tim.o
    0x080019b4   0x080019b4   0x00000078   Code   RO         1275    i.TIM_OC3_SetConfig  stm32f1xx_hal_tim.o
    0x08001a2c   0x08001a2c   0x00000054   Code   RO         1276    i.TIM_OC4_SetConfig  stm32f1xx_hal_tim.o
    0x08001a80   0x08001a80   0x00000014   Code   RO         2508    i.UART_DMAAbortOnError  stm32f1xx_hal_uart.o
    0x08001a94   0x08001a94   0x00000020   Code   RO         2518    i.UART_EndRxTransfer  stm32f1xx_hal_uart.o
    0x08001ab4   0x08001ab4   0x00000020   Code   RO         2519    i.UART_EndTransmit_IT  stm32f1xx_hal_uart.o
    0x08001ad4   0x08001ad4   0x000000a6   Code   RO         2521    i.UART_Receive_IT   stm32f1xx_hal_uart.o
    0x08001b7a   0x08001b7a   0x00000068   Code   RO         2523    i.UART_Transmit_IT  stm32f1xx_hal_uart.o
    0x08001be2   0x08001be2   0x00000002   PAD
    0x08001be4   0x08001be4   0x00000040   Code   RO         3096    i.USART1_IRQHandler  usart.o
    0x08001c24   0x08001c24   0x00000004   Code   RO          236    i.UsageFault_Handler  stm32f1xx_it.o
    0x08001c28   0x08001c28   0x00000010   Code   RO          621    i.__NVIC_GetPriorityGrouping  stm32f1xx_hal_cortex.o
    0x08001c38   0x08001c38   0x00000028   Code   RO          622    i.__NVIC_SetPriority  stm32f1xx_hal_cortex.o
    0x08001c60   0x08001c60   0x0000000e   Code   RO         3171    i.__scatterload_copy  mc_w.l(handlers.o)
    0x08001c6e   0x08001c6e   0x00000002   Code   RO         3172    i.__scatterload_null  mc_w.l(handlers.o)
    0x08001c70   0x08001c70   0x0000000e   Code   RO         3173    i.__scatterload_zeroinit  mc_w.l(handlers.o)
    0x08001c7e   0x08001c7e   0x00000018   Code   RO         3054    i.delay_ms          systick.o
    0x08001c96   0x08001c96   0x00000002   PAD
    0x08001c98   0x08001c98   0x00000048   Code   RO         3055    i.delay_us          systick.o
    0x08001ce0   0x08001ce0   0x0000004c   Code   RO            4    i.main              main.o
    0x08001d2c   0x08001d2c   0x00000018   Data   RO          308    .constdata          system_stm32f1xx.o
    0x08001d44   0x08001d44   0x00000020   Data   RO         3169    Region$$Table       anon$$obj.o


    Execution Region RW_IRAM1 (Exec base: 0x20000000, Load base: 0x08001d64, Size: 0x000006c0, Max: 0x00010000, ABSOLUTE)

    Exec Addr    Load Addr    Size         Type   Attr      Idx    E Section Name        Object

    0x20000000   0x08001d64   0x00000004   Data   RW          309    .data               system_stm32f1xx.o
    0x20000004   0x08001d68   0x00000009   Data   RW          457    .data               stm32f1xx_hal.o
    0x2000000d   0x08001d71   0x00000003   PAD
    0x20000010   0x08001d74   0x00000004   Data   RW         3056    .data               systick.o
    0x20000014   0x08001d78   0x00000003   Data   RW         3100    .data               usart.o
    0x20000017   0x08001d7b   0x00000001   PAD
    0x20000018        -       0x0000019c   Zero   RW         2927    .bss                time.o
    0x200001b4        -       0x00000108   Zero   RW         3099    .bss                usart.o
    0x200002bc   0x08001d7b   0x00000004   PAD
    0x200002c0        -       0x00000400   Zero   RW          422    STACK               startup_stm32f103xe.o


==============================================================================

Image component sizes


      Code (inc. data)   RO Data    RW Data    ZI Data      Debug   Object Name

       176         14          0          0          0       2349   exti.o
       128         12          0          0          0        987   led.o
        76          0          0          0          0     483243   main.o
        36          8        304          0       1024        816   startup_stm32f103xe.o
       194         36          0          9          0       7135   stm32f1xx_hal.o
       312         22          0          0          0      29312   stm32f1xx_hal_cortex.o
       424         10          0          0          0       1359   stm32f1xx_hal_dma.o
       888         44          0          0          0       4078   stm32f1xx_hal_gpio.o
      1708         84          0          0          0       4532   stm32f1xx_hal_rcc.o
      1448         66          0          0          0      10114   stm32f1xx_hal_tim.o
         4          0          0          0          0       1661   stm32f1xx_hal_tim_ex.o
       822          6          0          0          0       7107   stm32f1xx_hal_uart.o
        32          0          0          0          0       3850   stm32f1xx_it.o
        86          0          0          0          0       2535   system.o
        88         18         24          4          0       1243   system_stm32f1xx.o
       116          8          0          4          0       1821   systick.o
       318         54          0          0        412       5503   time.o
       200         24          0          3        264       1832   usart.o

    ----------------------------------------------------------------------
      7078        406        360         24       1704     569477   Object Totals
         0          0         32          0          0          0   (incl. Generated)
        22          0          0          4          4          0   (incl. Padding)

    ----------------------------------------------------------------------

      Code (inc. data)   RO Data    RW Data    ZI Data      Debug   Library Member Name

         0          0          0          0          0          0   entry.o
         0          0          0          0          0          0   entry10a.o
         0          0          0          0          0          0   entry11a.o
         8          4          0          0          0          0   entry2.o
         4          0          0          0          0          0   entry5.o
         0          0          0          0          0          0   entry7b.o
         0          0          0          0          0          0   entry8b.o
         8          4          0          0          0          0   entry9a.o
        30          0          0          0          0          0   handlers.o
        36          8          0          0          0         68   init.o

    ----------------------------------------------------------------------
        86         16          0          0          0         68   Library Totals
         0          0          0          0          0          0   (incl. Padding)

    ----------------------------------------------------------------------

      Code (inc. data)   RO Data    RW Data    ZI Data      Debug   Library Name

        86         16          0          0          0         68   mc_w.l

    ----------------------------------------------------------------------
        86         16          0          0          0         68   Library Totals

    ----------------------------------------------------------------------

==============================================================================


      Code (inc. data)   RO Data    RW Data    ZI Data      Debug   

      7164        422        360         24       1704     565849   Grand Totals
      7164        422        360         24       1704     565849   ELF Image Totals
      7164        422        360         24          0          0   ROM Totals

==============================================================================

    Total RO  Size (Code + RO Data)                 7524 (   7.35kB)
    Total RW  Size (RW Data + ZI Data)              1728 (   1.69kB)
    Total ROM Size (Code + RO Data + RW Data)       7548 (   7.37kB)

==============================================================================

